Archive member included to satisfy reference by file (symbol)

/Applications/STM32CubeIDE.app/Contents/Eclipse/plugins/com.st.stm32cube.ide.mcu.externaltools.gnu-tools-for-stm32.9-2020-q2-update.macos64_1.5.0.202011040924/tools/bin/../lib/gcc/arm-none-eabi/9.3.1/../../../../arm-none-eabi/lib/thumb/v7e-m+fp/hard/libc_nano.a(lib_a-errno.o)
                              Core/Src/syscalls.o (__errno)
/Applications/STM32CubeIDE.app/Contents/Eclipse/plugins/com.st.stm32cube.ide.mcu.externaltools.gnu-tools-for-stm32.9-2020-q2-update.macos64_1.5.0.202011040924/tools/bin/../lib/gcc/arm-none-eabi/9.3.1/../../../../arm-none-eabi/lib/thumb/v7e-m+fp/hard/libc_nano.a(lib_a-exit.o)
                              /Applications/STM32CubeIDE.app/Contents/Eclipse/plugins/com.st.stm32cube.ide.mcu.externaltools.gnu-tools-for-stm32.9-2020-q2-update.macos64_1.5.0.202011040924/tools/bin/../lib/gcc/arm-none-eabi/9.3.1/../../../../arm-none-eabi/lib/thumb/v7e-m+fp/hard/crt0.o (exit)
/Applications/STM32CubeIDE.app/Contents/Eclipse/plugins/com.st.stm32cube.ide.mcu.externaltools.gnu-tools-for-stm32.9-2020-q2-update.macos64_1.5.0.202011040924/tools/bin/../lib/gcc/arm-none-eabi/9.3.1/../../../../arm-none-eabi/lib/thumb/v7e-m+fp/hard/libc_nano.a(lib_a-impure.o)
                              /Applications/STM32CubeIDE.app/Contents/Eclipse/plugins/com.st.stm32cube.ide.mcu.externaltools.gnu-tools-for-stm32.9-2020-q2-update.macos64_1.5.0.202011040924/tools/bin/../lib/gcc/arm-none-eabi/9.3.1/../../../../arm-none-eabi/lib/thumb/v7e-m+fp/hard/libc_nano.a(lib_a-exit.o) (_global_impure_ptr)
/Applications/STM32CubeIDE.app/Contents/Eclipse/plugins/com.st.stm32cube.ide.mcu.externaltools.gnu-tools-for-stm32.9-2020-q2-update.macos64_1.5.0.202011040924/tools/bin/../lib/gcc/arm-none-eabi/9.3.1/../../../../arm-none-eabi/lib/thumb/v7e-m+fp/hard/libc_nano.a(lib_a-init.o)
                              /Applications/STM32CubeIDE.app/Contents/Eclipse/plugins/com.st.stm32cube.ide.mcu.externaltools.gnu-tools-for-stm32.9-2020-q2-update.macos64_1.5.0.202011040924/tools/bin/../lib/gcc/arm-none-eabi/9.3.1/../../../../arm-none-eabi/lib/thumb/v7e-m+fp/hard/crt0.o (__libc_init_array)
/Applications/STM32CubeIDE.app/Contents/Eclipse/plugins/com.st.stm32cube.ide.mcu.externaltools.gnu-tools-for-stm32.9-2020-q2-update.macos64_1.5.0.202011040924/tools/bin/../lib/gcc/arm-none-eabi/9.3.1/../../../../arm-none-eabi/lib/thumb/v7e-m+fp/hard/libc_nano.a(lib_a-memset.o)
                              /Applications/STM32CubeIDE.app/Contents/Eclipse/plugins/com.st.stm32cube.ide.mcu.externaltools.gnu-tools-for-stm32.9-2020-q2-update.macos64_1.5.0.202011040924/tools/bin/../lib/gcc/arm-none-eabi/9.3.1/../../../../arm-none-eabi/lib/thumb/v7e-m+fp/hard/crt0.o (memset)

Allocating common symbols
Common symbol       size              file

hUsbDeviceFS        0x2d0             USB_Device/App/usb_device.o
uwTick              0x4               Drivers/STM32G4xx_HAL_Driver/Src/stm32g4xx_hal.o
UserRxBufferFS      0x3e8             USB_Device/App/usbd_cdc_if.o
UserTxBufferFS      0x3e8             USB_Device/App/usbd_cdc_if.o
uch_cr1             0x1               Core/Src/MAX31856drv.o
uch_mask            0x1               Core/Src/MAX31856drv.o
hrtc                0x28              Core/Src/rtc.o
hfdcan1             0x64              Core/Src/fdcan.o
hspi1               0x64              Core/Src/spi.o
hpcd_USB_FS         0x2f4             USB_Device/Target/usbd_conf.o
USBD_StrDesc        0x200             USB_Device/App/usbd_desc.o
uch_cr0             0x1               Core/Src/MAX31856drv.o

Discarded input sections

 .text          0x0000000000000000        0x0 /Applications/STM32CubeIDE.app/Contents/Eclipse/plugins/com.st.stm32cube.ide.mcu.externaltools.gnu-tools-for-stm32.9-2020-q2-update.macos64_1.5.0.202011040924/tools/bin/../lib/gcc/arm-none-eabi/9.3.1/thumb/v7e-m+fp/hard/crti.o
 .data          0x0000000000000000        0x0 /Applications/STM32CubeIDE.app/Contents/Eclipse/plugins/com.st.stm32cube.ide.mcu.externaltools.gnu-tools-for-stm32.9-2020-q2-update.macos64_1.5.0.202011040924/tools/bin/../lib/gcc/arm-none-eabi/9.3.1/thumb/v7e-m+fp/hard/crti.o
 .bss           0x0000000000000000        0x0 /Applications/STM32CubeIDE.app/Contents/Eclipse/plugins/com.st.stm32cube.ide.mcu.externaltools.gnu-tools-for-stm32.9-2020-q2-update.macos64_1.5.0.202011040924/tools/bin/../lib/gcc/arm-none-eabi/9.3.1/thumb/v7e-m+fp/hard/crti.o
 .data          0x0000000000000000        0x4 /Applications/STM32CubeIDE.app/Contents/Eclipse/plugins/com.st.stm32cube.ide.mcu.externaltools.gnu-tools-for-stm32.9-2020-q2-update.macos64_1.5.0.202011040924/tools/bin/../lib/gcc/arm-none-eabi/9.3.1/thumb/v7e-m+fp/hard/crtbegin.o
 .text          0x0000000000000000       0x7c /Applications/STM32CubeIDE.app/Contents/Eclipse/plugins/com.st.stm32cube.ide.mcu.externaltools.gnu-tools-for-stm32.9-2020-q2-update.macos64_1.5.0.202011040924/tools/bin/../lib/gcc/arm-none-eabi/9.3.1/../../../../arm-none-eabi/lib/thumb/v7e-m+fp/hard/crt0.o
[...]
Memory Configuration

Name             Origin             Length             Attributes
RAM              0x0000000020000000 0x0000000000020000 xrw
FLASH            0x0000000008000000 0x0000000000080000 xr
*default*        0x0000000000000000 0xffffffffffffffff

Linker script and memory map

LOAD /Applications/STM32CubeIDE.app/Contents/Eclipse/plugins/com.st.stm32cube.ide.mcu.externaltools.gnu-tools-for-stm32.9-2020-q2-update.macos64_1.5.0.202011040924/tools/bin/../lib/gcc/arm-none-eabi/9.3.1/thumb/v7e-m+fp/hard/crti.o
LOAD /Applications/STM32CubeIDE.app/Contents/Eclipse/plugins/com.st.stm32cube.ide.mcu.externaltools.gnu-tools-for-stm32.9-2020-q2-update.macos64_1.5.0.202011040924/tools/bin/../lib/gcc/arm-none-eabi/9.3.1/thumb/v7e-m+fp/hard/crtbegin.o
LOAD /Applications/STM32CubeIDE.app/Contents/Eclipse/plugins/com.st.stm32cube.ide.mcu.externaltools.gnu-tools-for-stm32.9-2020-q2-update.macos64_1.5.0.202011040924/tools/bin/../lib/gcc/arm-none-eabi/9.3.1/../../../../arm-none-eabi/lib/thumb/v7e-m+fp/hard/crt0.o
LOAD Core/Src/MAX31856drv.o
LOAD Core/Src/fdcan.o
LOAD Core/Src/gpio.o
LOAD Core/Src/main.o
LOAD Core/Src/rtc.o
LOAD Core/Src/spi.o
LOAD Core/Src/stm32g4xx_hal_msp.o
LOAD Core/Src/stm32g4xx_it.o
LOAD Core/Src/syscalls.o
LOAD Core/Src/sysmem.o
LOAD Core/Src/system_stm32g4xx.o
LOAD Core/Startup/startup_stm32g473cetx.o
LOAD Drivers/STM32G4xx_HAL_Driver/Src/stm32g4xx_hal.o
LOAD Drivers/STM32G4xx_HAL_Driver/Src/stm32g4xx_hal_cortex.o
LOAD Drivers/STM32G4xx_HAL_Driver/Src/stm32g4xx_hal_dma.o
LOAD Drivers/STM32G4xx_HAL_Driver/Src/stm32g4xx_hal_dma_ex.o
LOAD Drivers/STM32G4xx_HAL_Driver/Src/stm32g4xx_hal_exti.o
LOAD Drivers/STM32G4xx_HAL_Driver/Src/stm32g4xx_hal_fdcan.o
LOAD Drivers/STM32G4xx_HAL_Driver/Src/stm32g4xx_hal_flash.o
LOAD Drivers/STM32G4xx_HAL_Driver/Src/stm32g4xx_hal_flash_ex.o
LOAD Drivers/STM32G4xx_HAL_Driver/Src/stm32g4xx_hal_flash_ramfunc.o
LOAD Drivers/STM32G4xx_HAL_Driver/Src/stm32g4xx_hal_gpio.o
LOAD Drivers/STM32G4xx_HAL_Driver/Src/stm32g4xx_hal_pcd.o
LOAD Drivers/STM32G4xx_HAL_Driver/Src/stm32g4xx_hal_pcd_ex.o
LOAD Drivers/STM32G4xx_HAL_Driver/Src/stm32g4xx_hal_pwr.o
LOAD Drivers/STM32G4xx_HAL_Driver/Src/stm32g4xx_hal_pwr_ex.o
LOAD Drivers/STM32G4xx_HAL_Driver/Src/stm32g4xx_hal_rcc.o
LOAD Drivers/STM32G4xx_HAL_Driver/Src/stm32g4xx_hal_rcc_ex.o
LOAD Drivers/STM32G4xx_HAL_Driver/Src/stm32g4xx_hal_rtc.o
LOAD Drivers/STM32G4xx_HAL_Driver/Src/stm32g4xx_hal_rtc_ex.o
LOAD Drivers/STM32G4xx_HAL_Driver/Src/stm32g4xx_hal_spi.o
LOAD Drivers/STM32G4xx_HAL_Driver/Src/stm32g4xx_hal_spi_ex.o
LOAD Drivers/STM32G4xx_HAL_Driver/Src/stm32g4xx_hal_tim.o
LOAD Drivers/STM32G4xx_HAL_Driver/Src/stm32g4xx_hal_tim_ex.o
LOAD Drivers/STM32G4xx_HAL_Driver/Src/stm32g4xx_ll_usb.o
LOAD Middlewares/ST/STM32_USB_Device_Library/Class/CDC/Src/usbd_cdc.o
LOAD Middlewares/ST/STM32_USB_Device_Library/Core/Src/usbd_core.o
LOAD Middlewares/ST/STM32_USB_Device_Library/Core/Src/usbd_ctlreq.o
LOAD Middlewares/ST/STM32_USB_Device_Library/Core/Src/usbd_ioreq.o
LOAD USB_Device/App/usb_device.o
LOAD USB_Device/App/usbd_cdc_if.o
LOAD USB_Device/App/usbd_desc.o
LOAD USB_Device/Target/usbd_conf.o
START GROUP
LOAD /Applications/STM32CubeIDE.app/Contents/Eclipse/plugins/com.st.stm32cube.ide.mcu.externaltools.gnu-tools-for-stm32.9-2020-q2-update.macos64_1.5.0.202011040924/tools/bin/../lib/gcc/arm-none-eabi/9.3.1/../../../../arm-none-eabi/lib/thumb/v7e-m+fp/hard/libc_nano.a
LOAD /Applications/STM32CubeIDE.app/Contents/Eclipse/plugins/com.st.stm32cube.ide.mcu.externaltools.gnu-tools-for-stm32.9-2020-q2-update.macos64_1.5.0.202011040924/tools/bin/../lib/gcc/arm-none-eabi/9.3.1/../../../../arm-none-eabi/lib/thumb/v7e-m+fp/hard/libm.a
END GROUP
START GROUP
LOAD /Applications/STM32CubeIDE.app/Contents/Eclipse/plugins/com.st.stm32cube.ide.mcu.externaltools.gnu-tools-for-stm32.9-2020-q2-update.macos64_1.5.0.202011040924/tools/bin/../lib/gcc/arm-none-eabi/9.3.1/thumb/v7e-m+fp/hard/libgcc.a
LOAD /Applications/STM32CubeIDE.app/Contents/Eclipse/plugins/com.st.stm32cube.ide.mcu.externaltools.gnu-tools-for-stm32.9-2020-q2-update.macos64_1.5.0.202011040924/tools/bin/../lib/gcc/arm-none-eabi/9.3.1/../../../../arm-none-eabi/lib/thumb/v7e-m+fp/hard/libc_nano.a
END GROUP
START GROUP
LOAD /Applications/STM32CubeIDE.app/Contents/Eclipse/plugins/com.st.stm32cube.ide.mcu.externaltools.gnu-tools-for-stm32.9-2020-q2-update.macos64_1.5.0.202011040924/tools/bin/../lib/gcc/arm-none-eabi/9.3.1/thumb/v7e-m+fp/hard/libgcc.a
LOAD /Applications/STM32CubeIDE.app/Contents/Eclipse/plugins/com.st.stm32cube.ide.mcu.externaltools.gnu-tools-for-stm32.9-2020-q2-update.macos64_1.5.0.202011040924/tools/bin/../lib/gcc/arm-none-eabi/9.3.1/../../../../arm-none-eabi/lib/thumb/v7e-m+fp/hard/libc_nano.a
LOAD /Applications/STM32CubeIDE.app/Contents/Eclipse/plugins/com.st.stm32cube.ide.mcu.externaltools.gnu-tools-for-stm32.9-2020-q2-update.macos64_1.5.0.202011040924/tools/bin/../lib/gcc/arm-none-eabi/9.3.1/../../../../arm-none-eabi/lib/thumb/v7e-m+fp/hard/libnosys.a
END GROUP
START GROUP
LOAD /Applications/STM32CubeIDE.app/Contents/Eclipse/plugins/com.st.stm32cube.ide.mcu.externaltools.gnu-tools-for-stm32.9-2020-q2-update.macos64_1.5.0.202011040924/tools/bin/../lib/gcc/arm-none-eabi/9.3.1/thumb/v7e-m+fp/hard/libgcc.a
LOAD /Applications/STM32CubeIDE.app/Contents/Eclipse/plugins/com.st.stm32cube.ide.mcu.externaltools.gnu-tools-for-stm32.9-2020-q2-update.macos64_1.5.0.202011040924/tools/bin/../lib/gcc/arm-none-eabi/9.3.1/../../../../arm-none-eabi/lib/thumb/v7e-m+fp/hard/libc_nano.a
LOAD /Applications/STM32CubeIDE.app/Contents/Eclipse/plugins/com.st.stm32cube.ide.mcu.externaltools.gnu-tools-for-stm32.9-2020-q2-update.macos64_1.5.0.202011040924/tools/bin/../lib/gcc/arm-none-eabi/9.3.1/../../../../arm-none-eabi/lib/thumb/v7e-m+fp/hard/libnosys.a
END GROUP
LOAD /Applications/STM32CubeIDE.app/Contents/Eclipse/plugins/com.st.stm32cube.ide.mcu.externaltools.gnu-tools-for-stm32.9-2020-q2-update.macos64_1.5.0.202011040924/tools/bin/../lib/gcc/arm-none-eabi/9.3.1/thumb/v7e-m+fp/hard/crtend.o
LOAD /Applications/STM32CubeIDE.app/Contents/Eclipse/plugins/com.st.stm32cube.ide.mcu.externaltools.gnu-tools-for-stm32.9-2020-q2-update.macos64_1.5.0.202011040924/tools/bin/../lib/gcc/arm-none-eabi/9.3.1/thumb/v7e-m+fp/hard/crtn.o
                0x0000000020020000                _estack = (ORIGIN (RAM) + LENGTH (RAM))
                0x0000000000000200                _Min_Heap_Size = 0x200
                0x0000000000000400                _Min_Stack_Size = 0x400

.isr_vector     0x0000000008000000      0x1d8
                0x0000000008000000                . = ALIGN (0x4)
 *(.isr_vector)
 .isr_vector    0x0000000008000000      0x1d8 Core/Startup/startup_stm32g473cetx.o
                0x0000000008000000                g_pfnVectors
                0x00000000080001d8                . = ALIGN (0x4)

.text           0x00000000080001d8     0x9300
                0x00000000080001d8                . = ALIGN (0x4)
 *(.text)
 .text          0x00000000080001d8       0x40 /Applications/STM32CubeIDE.app/Contents/Eclipse/plugins/com.st.stm32cube.ide.mcu.externaltools.gnu-tools-for-stm32.9-2020-q2-update.macos64_1.5.0.202011040924/tools/bin/../lib/gcc/arm-none-eabi/9.3.1/thumb/v7e-m+fp/hard/crtbegin.o
 *(.text*)
 .text.SPI_WriteByte
                0x0000000008000218       0x24 Core/Src/MAX31856drv.o
                0x0000000008000218                SPI_WriteByte
 .text.SPI_ReadByte
                0x000000000800023c       0x24 Core/Src/MAX31856drv.o
                0x000000000800023c                SPI_ReadByte
 .text.maxim_31856_write_register
                0x0000000008000260       0x40 Core/Src/MAX31856drv.o
                0x0000000008000260                maxim_31856_write_register
 .text.maxim_31856_read_register
                0x00000000080002a0       0x3c Core/Src/MAX31856drv.o
                0x00000000080002a0                maxim_31856_read_register
 .text.maxim_31856_init
                0x00000000080002dc       0xa8 Core/Src/MAX31856drv.o
                0x00000000080002dc                maxim_31856_init
 .text.maxim_start_conversion
                0x0000000008000384       0x4c Core/Src/MAX31856drv.o
                0x0000000008000384                maxim_start_conversion
 .text.MX_FDCAN1_Init
                0x00000000080003d0       0x8c Core/Src/fdcan.o
                0x00000000080003d0                MX_FDCAN1_Init
 .text.HAL_FDCAN_MspInit
                0x000000000800045c       0x88 Core/Src/fdcan.o
                0x000000000800045c                HAL_FDCAN_MspInit
 .text.MX_GPIO_Init
                0x00000000080004e4       0xb0 Core/Src/gpio.o
                0x00000000080004e4                MX_GPIO_Init
 .text.main     0x0000000008000594       0x48 Core/Src/main.o
                0x0000000008000594                main
 .text.SystemClock_Config
                0x00000000080005dc       0xfc Core/Src/main.o
                0x00000000080005dc                SystemClock_Config
 .text.Error_Handler
                0x00000000080006d8        0xa Core/Src/main.o
                0x00000000080006d8                Error_Handler
 *fill*         0x00000000080006e2        0x2 
 .text.MX_RTC_Init
                0x00000000080006e4       0x58 Core/Src/rtc.o
                0x00000000080006e4                MX_RTC_Init
 .text.HAL_RTC_MspInit
                0x000000000800073c       0x38 Core/Src/rtc.o
                0x000000000800073c                HAL_RTC_MspInit
 .text.MX_SPI1_Init
                0x0000000008000774       0x7c Core/Src/spi.o
                0x0000000008000774                MX_SPI1_Init
 .text.HAL_SPI_MspInit
                0x00000000080007f0       0x84 Core/Src/spi.o
                0x00000000080007f0                HAL_SPI_MspInit
 .text.HAL_MspInit
                0x0000000008000874       0x48 Core/Src/stm32g4xx_hal_msp.o
                0x0000000008000874                HAL_MspInit
 .text.NMI_Handler
                0x00000000080008bc        0x6 Core/Src/stm32g4xx_it.o
                0x00000000080008bc                NMI_Handler
 .text.HardFault_Handler
                0x00000000080008c2        0x6 Core/Src/stm32g4xx_it.o
                0x00000000080008c2                HardFault_Handler
 .text.MemManage_Handler
                0x00000000080008c8        0x6 Core/Src/stm32g4xx_it.o
                0x00000000080008c8                MemManage_Handler
 .text.BusFault_Handler
                0x00000000080008ce        0x6 Core/Src/stm32g4xx_it.o
                0x00000000080008ce                BusFault_Handler
 .text.UsageFault_Handler
                0x00000000080008d4        0x6 Core/Src/stm32g4xx_it.o
                0x00000000080008d4                UsageFault_Handler
 .text.SVC_Handler
                0x00000000080008da        0xe Core/Src/stm32g4xx_it.o
                0x00000000080008da                SVC_Handler
 .text.DebugMon_Handler
                0x00000000080008e8        0xe Core/Src/stm32g4xx_it.o
                0x00000000080008e8                DebugMon_Handler
 .text.PendSV_Handler
                0x00000000080008f6        0xe Core/Src/stm32g4xx_it.o
                0x00000000080008f6                PendSV_Handler
 .text.SysTick_Handler
                0x0000000008000904        0xc Core/Src/stm32g4xx_it.o
                0x0000000008000904                SysTick_Handler
 .text.USB_LP_IRQHandler
                0x0000000008000910       0x14 Core/Src/stm32g4xx_it.o
                0x0000000008000910                USB_LP_IRQHandler
 .text.SystemInit
                0x0000000008000924       0x24 Core/Src/system_stm32g4xx.o
                0x0000000008000924                SystemInit
 .text.Reset_Handler
                0x0000000008000948       0x50 Core/Startup/startup_stm32g473cetx.o
                0x0000000008000948                Reset_Handler
 .text.Default_Handler
                0x0000000008000998        0x2 Core/Startup/startup_stm32g473cetx.o
                0x0000000008000998                TIM1_BRK_TIM15_IRQHandler
                0x0000000008000998                EXTI2_IRQHandler
                0x0000000008000998                TIM8_TRG_COM_IRQHandler
                0x0000000008000998                TIM8_CC_IRQHandler
                0x0000000008000998                SPI4_IRQHandler
                0x0000000008000998                FDCAN3_IT0_IRQHandler
                0x0000000008000998                TIM1_CC_IRQHandler
                0x0000000008000998                USB_HP_IRQHandler
                0x0000000008000998                CORDIC_IRQHandler
                0x0000000008000998                DMA2_Channel8_IRQHandler
                0x0000000008000998                EXTI3_IRQHandler
                0x0000000008000998                I2C3_ER_IRQHandler
                0x0000000008000998                EXTI0_IRQHandler
                0x0000000008000998                I2C2_EV_IRQHandler
                0x0000000008000998                FPU_IRQHandler
                0x0000000008000998                FDCAN1_IT1_IRQHandler
                0x0000000008000998                TIM1_UP_TIM16_IRQHandler
                0x0000000008000998                ADC1_2_IRQHandler
                0x0000000008000998                SPI1_IRQHandler
                0x0000000008000998                TIM6_DAC_IRQHandler
                0x0000000008000998                TIM8_UP_IRQHandler
                0x0000000008000998                DMA2_Channel2_IRQHandler
                0x0000000008000998                DMA1_Channel4_IRQHandler
                0x0000000008000998                TIM20_TRG_COM_IRQHandler
                0x0000000008000998                USART3_IRQHandler
                0x0000000008000998                DMA1_Channel7_IRQHandler
                0x0000000008000998                UART5_IRQHandler
                0x0000000008000998                ADC3_IRQHandler
                0x0000000008000998                TIM4_IRQHandler
                0x0000000008000998                DMA2_Channel1_IRQHandler
                0x0000000008000998                QUADSPI_IRQHandler
                0x0000000008000998                I2C1_EV_IRQHandler
                0x0000000008000998                DMA1_Channel6_IRQHandler
                0x0000000008000998                UART4_IRQHandler
                0x0000000008000998                DMA2_Channel4_IRQHandler
                0x0000000008000998                TIM3_IRQHandler
                0x0000000008000998                RCC_IRQHandler
                0x0000000008000998                TIM20_UP_IRQHandler
                0x0000000008000998                DMA1_Channel1_IRQHandler
                0x0000000008000998                Default_Handler
                0x0000000008000998                DMA2_Channel7_IRQHandler
                0x0000000008000998                RTC_TAMP_LSECSS_IRQHandler
                0x0000000008000998                FMAC_IRQHandler
                0x0000000008000998                EXTI15_10_IRQHandler
                0x0000000008000998                DMA1_Channel8_IRQHandler
                0x0000000008000998                TIM7_DAC_IRQHandler
                0x0000000008000998                FDCAN3_IT1_IRQHandler
                0x0000000008000998                TIM5_IRQHandler
                0x0000000008000998                UCPD1_IRQHandler
                0x0000000008000998                I2C3_EV_IRQHandler
                0x0000000008000998                EXTI9_5_IRQHandler
                0x0000000008000998                RTC_WKUP_IRQHandler
                0x0000000008000998                PVD_PVM_IRQHandler
                0x0000000008000998                SPI2_IRQHandler
                0x0000000008000998                ADC5_IRQHandler
                0x0000000008000998                DMA2_Channel5_IRQHandler
                0x0000000008000998                CRS_IRQHandler
                0x0000000008000998                DMA1_Channel5_IRQHandler
                0x0000000008000998                EXTI4_IRQHandler
                0x0000000008000998                RNG_IRQHandler
                0x0000000008000998                TIM1_TRG_COM_TIM17_IRQHandler
                0x0000000008000998                FDCAN2_IT1_IRQHandler
                0x0000000008000998                DMA1_Channel3_IRQHandler
                0x0000000008000998                ADC4_IRQHandler
                0x0000000008000998                WWDG_IRQHandler
                0x0000000008000998                I2C4_EV_IRQHandler
                0x0000000008000998                FDCAN2_IT0_IRQHandler
                0x0000000008000998                LPUART1_IRQHandler
                0x0000000008000998                DMA2_Channel6_IRQHandler
                0x0000000008000998                FDCAN1_IT0_IRQHandler
                0x0000000008000998                TIM2_IRQHandler
                0x0000000008000998                COMP7_IRQHandler
                0x0000000008000998                COMP1_2_3_IRQHandler
                0x0000000008000998                EXTI1_IRQHandler
                0x0000000008000998                USART2_IRQHandler
                0x0000000008000998                COMP4_5_6_IRQHandler
                0x0000000008000998                TIM20_BRK_IRQHandler
                0x0000000008000998                I2C2_ER_IRQHandler
                0x0000000008000998                DMA1_Channel2_IRQHandler
                0x0000000008000998                TIM8_BRK_IRQHandler
                0x0000000008000998                FLASH_IRQHandler
                0x0000000008000998                TIM20_CC_IRQHandler
                0x0000000008000998                USART1_IRQHandler
                0x0000000008000998                SPI3_IRQHandler
                0x0000000008000998                I2C1_ER_IRQHandler
                0x0000000008000998                FMC_IRQHandler
                0x0000000008000998                LPTIM1_IRQHandler
                0x0000000008000998                DMAMUX_OVR_IRQHandler
                0x0000000008000998                I2C4_ER_IRQHandler
                0x0000000008000998                USBWakeUp_IRQHandler
                0x0000000008000998                SAI1_IRQHandler
                0x0000000008000998                DMA2_Channel3_IRQHandler
                0x0000000008000998                RTC_Alarm_IRQHandler
 .text.HAL_Init
                0x000000000800099a       0x30 Drivers/STM32G4xx_HAL_Driver/Src/stm32g4xx_hal.o
                0x000000000800099a                HAL_Init
 *fill*         0x00000000080009ca        0x2 
 .text.HAL_InitTick
                0x00000000080009cc       0x74 Drivers/STM32G4xx_HAL_Driver/Src/stm32g4xx_hal.o
                0x00000000080009cc                HAL_InitTick
 .text.HAL_IncTick
                0x0000000008000a40       0x24 Drivers/STM32G4xx_HAL_Driver/Src/stm32g4xx_hal.o
                0x0000000008000a40                HAL_IncTick
 .text.HAL_GetTick
                0x0000000008000a64       0x18 Drivers/STM32G4xx_HAL_Driver/Src/stm32g4xx_hal.o
                0x0000000008000a64                HAL_GetTick
 .text.HAL_Delay
                0x0000000008000a7c       0x44 Drivers/STM32G4xx_HAL_Driver/Src/stm32g4xx_hal.o
                0x0000000008000a7c                HAL_Delay
 .text.__NVIC_SetPriorityGrouping
                0x0000000008000ac0       0x48 Drivers/STM32G4xx_HAL_Driver/Src/stm32g4xx_hal_cortex.o
 .text.__NVIC_GetPriorityGrouping
                0x0000000008000b08       0x1c Drivers/STM32G4xx_HAL_Driver/Src/stm32g4xx_hal_cortex.o
 .text.__NVIC_EnableIRQ
                0x0000000008000b24       0x3c Drivers/STM32G4xx_HAL_Driver/Src/stm32g4xx_hal_cortex.o
 .text.__NVIC_SetPriority
                0x0000000008000b60       0x54 Drivers/STM32G4xx_HAL_Driver/Src/stm32g4xx_hal_cortex.o
 .text.NVIC_EncodePriority
                0x0000000008000bb4       0x66 Drivers/STM32G4xx_HAL_Driver/Src/stm32g4xx_hal_cortex.o
 *fill*         0x0000000008000c1a        0x2 
 .text.SysTick_Config
                0x0000000008000c1c       0x44 Drivers/STM32G4xx_HAL_Driver/Src/stm32g4xx_hal_cortex.o
 .text.HAL_NVIC_SetPriorityGrouping
                0x0000000008000c60       0x16 Drivers/STM32G4xx_HAL_Driver/Src/stm32g4xx_hal_cortex.o
                0x0000000008000c60                HAL_NVIC_SetPriorityGrouping
 .text.HAL_NVIC_SetPriority
                0x0000000008000c76       0x34 Drivers/STM32G4xx_HAL_Driver/Src/stm32g4xx_hal_cortex.o
                0x0000000008000c76                HAL_NVIC_SetPriority
 .text.HAL_NVIC_EnableIRQ
                0x0000000008000caa       0x1c Drivers/STM32G4xx_HAL_Driver/Src/stm32g4xx_hal_cortex.o
                0x0000000008000caa                HAL_NVIC_EnableIRQ
 .text.HAL_SYSTICK_Config
                0x0000000008000cc6       0x18 Drivers/STM32G4xx_HAL_Driver/Src/stm32g4xx_hal_cortex.o
                0x0000000008000cc6                HAL_SYSTICK_Config
 *fill*         0x0000000008000cde        0x2 
 .text.HAL_FDCAN_Init
                0x0000000008000ce0      0x2b4 Drivers/STM32G4xx_HAL_Driver/Src/stm32g4xx_hal_fdcan.o
                0x0000000008000ce0                HAL_FDCAN_Init
 .text.FDCAN_CalcultateRamBlockAddresses
                0x0000000008000f94       0xd8 Drivers/STM32G4xx_HAL_Driver/Src/stm32g4xx_hal_fdcan.o
 .text.HAL_GPIO_Init
                0x000000000800106c      0x304 Drivers/STM32G4xx_HAL_Driver/Src/stm32g4xx_hal_gpio.o
                0x000000000800106c                HAL_GPIO_Init
 .text.HAL_GPIO_WritePin
                0x0000000008001370       0x30 Drivers/STM32G4xx_HAL_Driver/Src/stm32g4xx_hal_gpio.o
                0x0000000008001370                HAL_GPIO_WritePin
 .text.HAL_PCD_Init
                0x00000000080013a0      0x1ca Drivers/STM32G4xx_HAL_Driver/Src/stm32g4xx_hal_pcd.o
                0x00000000080013a0                HAL_PCD_Init
 .text.HAL_PCD_Start
                0x000000000800156a       0x44 Drivers/STM32G4xx_HAL_Driver/Src/stm32g4xx_hal_pcd.o
                0x000000000800156a                HAL_PCD_Start
 .text.HAL_PCD_IRQHandler
                0x00000000080015ae      0x29c Drivers/STM32G4xx_HAL_Driver/Src/stm32g4xx_hal_pcd.o
                0x00000000080015ae                HAL_PCD_IRQHandler
 .text.HAL_PCD_SetAddress
                0x000000000800184a       0x4a Drivers/STM32G4xx_HAL_Driver/Src/stm32g4xx_hal_pcd.o
                0x000000000800184a                HAL_PCD_SetAddress
 .text.HAL_PCD_EP_Open
                0x0000000008001894       0xcc Drivers/STM32G4xx_HAL_Driver/Src/stm32g4xx_hal_pcd.o
                0x0000000008001894                HAL_PCD_EP_Open
 .text.HAL_PCD_EP_Close
                0x0000000008001960       0x90 Drivers/STM32G4xx_HAL_Driver/Src/stm32g4xx_hal_pcd.o
                0x0000000008001960                HAL_PCD_EP_Close
 .text.HAL_PCD_EP_Receive
                0x00000000080019f0       0x7a Drivers/STM32G4xx_HAL_Driver/Src/stm32g4xx_hal_pcd.o
                0x00000000080019f0                HAL_PCD_EP_Receive
 .text.HAL_PCD_EP_GetRxCount
                0x0000000008001a6a       0x30 Drivers/STM32G4xx_HAL_Driver/Src/stm32g4xx_hal_pcd.o
                0x0000000008001a6a                HAL_PCD_EP_GetRxCount
 .text.HAL_PCD_EP_Transmit
                0x0000000008001a9a       0x86 Drivers/STM32G4xx_HAL_Driver/Src/stm32g4xx_hal_pcd.o
                0x0000000008001a9a                HAL_PCD_EP_Transmit
 .text.HAL_PCD_EP_SetStall
                0x0000000008001b20       0xa4 Drivers/STM32G4xx_HAL_Driver/Src/stm32g4xx_hal_pcd.o
                0x0000000008001b20                HAL_PCD_EP_SetStall
 .text.HAL_PCD_EP_ClrStall
                0x0000000008001bc4       0xa8 Drivers/STM32G4xx_HAL_Driver/Src/stm32g4xx_hal_pcd.o
                0x0000000008001bc4                HAL_PCD_EP_ClrStall
 .text.PCD_EP_ISR_Handler
                0x0000000008001c6c      0x5d4 Drivers/STM32G4xx_HAL_Driver/Src/stm32g4xx_hal_pcd.o
 .text.HAL_PCD_EP_DB_Receive
                0x0000000008002240      0x212 Drivers/STM32G4xx_HAL_Driver/Src/stm32g4xx_hal_pcd.o
 .text.HAL_PCD_EP_DB_Transmit
                0x0000000008002452      0x79c Drivers/STM32G4xx_HAL_Driver/Src/stm32g4xx_hal_pcd.o
 .text.HAL_PCDEx_PMAConfig
                0x0000000008002bee       0x86 Drivers/STM32G4xx_HAL_Driver/Src/stm32g4xx_hal_pcd_ex.o
                0x0000000008002bee                HAL_PCDEx_PMAConfig
 .text.HAL_PCDEx_ActivateLPM
                0x0000000008002c74       0x54 Drivers/STM32G4xx_HAL_Driver/Src/stm32g4xx_hal_pcd_ex.o
                0x0000000008002c74                HAL_PCDEx_ActivateLPM
 .text.HAL_PWR_EnableBkUpAccess
                0x0000000008002cc8       0x20 Drivers/STM32G4xx_HAL_Driver/Src/stm32g4xx_hal_pwr.o
                0x0000000008002cc8                HAL_PWR_EnableBkUpAccess
 .text.HAL_PWREx_ControlVoltageScaling
                0x0000000008002ce8      0x148 Drivers/STM32G4xx_HAL_Driver/Src/stm32g4xx_hal_pwr_ex.o
                0x0000000008002ce8                HAL_PWREx_ControlVoltageScaling
 .text.HAL_PWREx_DisableUCPDDeadBattery
                0x0000000008002e30       0x20 Drivers/STM32G4xx_HAL_Driver/Src/stm32g4xx_hal_pwr_ex.o
                0x0000000008002e30                HAL_PWREx_DisableUCPDDeadBattery
 .text.HAL_RCC_OscConfig
                0x0000000008002e50      0x630 Drivers/STM32G4xx_HAL_Driver/Src/stm32g4xx_hal_rcc.o
                0x0000000008002e50                HAL_RCC_OscConfig
 .text.HAL_RCC_ClockConfig
                0x0000000008003480      0x278 Drivers/STM32G4xx_HAL_Driver/Src/stm32g4xx_hal_rcc.o
                0x0000000008003480                HAL_RCC_ClockConfig
 .text.HAL_RCC_GetSysClockFreq
                0x00000000080036f8       0xc4 Drivers/STM32G4xx_HAL_Driver/Src/stm32g4xx_hal_rcc.o
                0x00000000080036f8                HAL_RCC_GetSysClockFreq
 .text.RCC_GetSysClockFreqFromPLLSource
                0x00000000080037bc       0x8c Drivers/STM32G4xx_HAL_Driver/Src/stm32g4xx_hal_rcc.o
 .text.HAL_RCCEx_PeriphCLKConfig
                0x0000000008003848      0x498 Drivers/STM32G4xx_HAL_Driver/Src/stm32g4xx_hal_rcc_ex.o
                0x0000000008003848                HAL_RCCEx_PeriphCLKConfig
 .text.HAL_RTC_Init
                0x0000000008003ce0       0xdc Drivers/STM32G4xx_HAL_Driver/Src/stm32g4xx_hal_rtc.o
                0x0000000008003ce0                HAL_RTC_Init
 .text.HAL_RTC_WaitForSynchro
                0x0000000008003dbc       0x4c Drivers/STM32G4xx_HAL_Driver/Src/stm32g4xx_hal_rtc.o
                0x0000000008003dbc                HAL_RTC_WaitForSynchro
 .text.RTC_EnterInitMode
                0x0000000008003e08       0x68 Drivers/STM32G4xx_HAL_Driver/Src/stm32g4xx_hal_rtc.o
                0x0000000008003e08                RTC_EnterInitMode
 .text.RTC_ExitInitMode
                0x0000000008003e70       0x7c Drivers/STM32G4xx_HAL_Driver/Src/stm32g4xx_hal_rtc.o
                0x0000000008003e70                RTC_ExitInitMode
 .text.HAL_SPI_Init
                0x0000000008003eec      0x156 Drivers/STM32G4xx_HAL_Driver/Src/stm32g4xx_hal_spi.o
                0x0000000008003eec                HAL_SPI_Init
 .text.HAL_SPI_Transmit
                0x0000000008004042      0x2dc Drivers/STM32G4xx_HAL_Driver/Src/stm32g4xx_hal_spi.o
                0x0000000008004042                HAL_SPI_Transmit
 .text.HAL_SPI_Receive
                0x000000000800431e      0x260 Drivers/STM32G4xx_HAL_Driver/Src/stm32g4xx_hal_spi.o
                0x000000000800431e                HAL_SPI_Receive
 .text.HAL_SPI_TransmitReceive
                0x000000000800457e      0x426 Drivers/STM32G4xx_HAL_Driver/Src/stm32g4xx_hal_spi.o
                0x000000000800457e                HAL_SPI_TransmitReceive
 .text.SPI_WaitFlagStateUntilTimeout
                0x00000000080049a4      0x110 Drivers/STM32G4xx_HAL_Driver/Src/stm32g4xx_hal_spi.o
 .text.SPI_WaitFifoStateUntilTimeout
                0x0000000008004ab4      0x124 Drivers/STM32G4xx_HAL_Driver/Src/stm32g4xx_hal_spi.o
 .text.SPI_EndRxTransaction
                0x0000000008004bd8       0xb0 Drivers/STM32G4xx_HAL_Driver/Src/stm32g4xx_hal_spi.o
 .text.SPI_EndRxTxTransaction
                0x0000000008004c88       0x8c Drivers/STM32G4xx_HAL_Driver/Src/stm32g4xx_hal_spi.o
 .text.USB_EnableGlobalInt
                0x0000000008004d14       0x2e Drivers/STM32G4xx_HAL_Driver/Src/stm32g4xx_ll_usb.o
                0x0000000008004d14                USB_EnableGlobalInt
 .text.USB_DisableGlobalInt
                0x0000000008004d42       0x36 Drivers/STM32G4xx_HAL_Driver/Src/stm32g4xx_ll_usb.o
                0x0000000008004d42                USB_DisableGlobalInt
 .text.USB_DevInit
                0x0000000008004d78       0x42 Drivers/STM32G4xx_HAL_Driver/Src/stm32g4xx_ll_usb.o
                0x0000000008004d78                USB_DevInit
 *fill*         0x0000000008004dba        0x2 
 .text.USB_ActivateEndpoint
                0x0000000008004dbc      0x6dc Drivers/STM32G4xx_HAL_Driver/Src/stm32g4xx_ll_usb.o
                0x0000000008004dbc                USB_ActivateEndpoint
 .text.USB_DeactivateEndpoint
                0x0000000008005498      0x3da Drivers/STM32G4xx_HAL_Driver/Src/stm32g4xx_ll_usb.o
                0x0000000008005498                USB_DeactivateEndpoint
 .text.USB_EPStartXfer
                0x0000000008005872     0x15ee Drivers/STM32G4xx_HAL_Driver/Src/stm32g4xx_ll_usb.o
                0x0000000008005872                USB_EPStartXfer
 .text.USB_EPSetStall
                0x0000000008006e60       0xa2 Drivers/STM32G4xx_HAL_Driver/Src/stm32g4xx_ll_usb.o
                0x0000000008006e60                USB_EPSetStall
 .text.USB_EPClearStall
                0x0000000008006f02      0x15c Drivers/STM32G4xx_HAL_Driver/Src/stm32g4xx_ll_usb.o
                0x0000000008006f02                USB_EPClearStall
 .text.USB_SetDevAddress
                0x000000000800705e       0x28 Drivers/STM32G4xx_HAL_Driver/Src/stm32g4xx_ll_usb.o
                0x000000000800705e                USB_SetDevAddress
 .text.USB_DevConnect
                0x0000000008007086       0x2e Drivers/STM32G4xx_HAL_Driver/Src/stm32g4xx_ll_usb.o
                0x0000000008007086                USB_DevConnect
 .text.USB_ReadInterrupts
                0x00000000080070b4       0x20 Drivers/STM32G4xx_HAL_Driver/Src/stm32g4xx_ll_usb.o
                0x00000000080070b4                USB_ReadInterrupts
 .text.USB_WritePMA
                0x00000000080070d4       0x84 Drivers/STM32G4xx_HAL_Driver/Src/stm32g4xx_ll_usb.o
                0x00000000080070d4                USB_WritePMA
 .text.USB_ReadPMA
                0x0000000008007158       0x98 Drivers/STM32G4xx_HAL_Driver/Src/stm32g4xx_ll_usb.o
                0x0000000008007158                USB_ReadPMA
 .text.USBD_CDC_Init
                0x00000000080071f0       0xfe Middlewares/ST/STM32_USB_Device_Library/Class/CDC/Src/usbd_cdc.o
 .text.USBD_CDC_DeInit
                0x00000000080072ee       0x74 Middlewares/ST/STM32_USB_Device_Library/Class/CDC/Src/usbd_cdc.o
 *fill*         0x0000000008007362        0x2 
 .text.USBD_CDC_Setup
                0x0000000008007364      0x190 Middlewares/ST/STM32_USB_Device_Library/Class/CDC/Src/usbd_cdc.o
 .text.USBD_CDC_DataIn
                0x00000000080074f4       0xca Middlewares/ST/STM32_USB_Device_Library/Class/CDC/Src/usbd_cdc.o
 .text.USBD_CDC_DataOut
                0x00000000080075be       0x56 Middlewares/ST/STM32_USB_Device_Library/Class/CDC/Src/usbd_cdc.o
 .text.USBD_CDC_EP0_RxReady
                0x0000000008007614       0x5a Middlewares/ST/STM32_USB_Device_Library/Class/CDC/Src/usbd_cdc.o
 *fill*         0x000000000800766e        0x2 
 .text.USBD_CDC_GetFSCfgDesc
                0x0000000008007670       0x20 Middlewares/ST/STM32_USB_Device_Library/Class/CDC/Src/usbd_cdc.o
 .text.USBD_CDC_GetHSCfgDesc
                0x0000000008007690       0x20 Middlewares/ST/STM32_USB_Device_Library/Class/CDC/Src/usbd_cdc.o
 .text.USBD_CDC_GetOtherSpeedCfgDesc
                0x00000000080076b0       0x20 Middlewares/ST/STM32_USB_Device_Library/Class/CDC/Src/usbd_cdc.o
 .text.USBD_CDC_GetDeviceQualifierDescriptor
                0x00000000080076d0       0x20 Middlewares/ST/STM32_USB_Device_Library/Class/CDC/Src/usbd_cdc.o
                0x00000000080076d0                USBD_CDC_GetDeviceQualifierDescriptor
 .text.USBD_CDC_RegisterInterface
                0x00000000080076f0       0x2a Middlewares/ST/STM32_USB_Device_Library/Class/CDC/Src/usbd_cdc.o
                0x00000000080076f0                USBD_CDC_RegisterInterface
 .text.USBD_CDC_SetTxBuffer
                0x000000000800771a       0x3c Middlewares/ST/STM32_USB_Device_Library/Class/CDC/Src/usbd_cdc.o
                0x000000000800771a                USBD_CDC_SetTxBuffer
 .text.USBD_CDC_SetRxBuffer
                0x0000000008007756       0x32 Middlewares/ST/STM32_USB_Device_Library/Class/CDC/Src/usbd_cdc.o
                0x0000000008007756                USBD_CDC_SetRxBuffer
 .text.USBD_CDC_TransmitPacket
                0x0000000008007788       0x60 Middlewares/ST/STM32_USB_Device_Library/Class/CDC/Src/usbd_cdc.o
                0x0000000008007788                USBD_CDC_TransmitPacket
 .text.USBD_CDC_ReceivePacket
                0x00000000080077e8       0x54 Middlewares/ST/STM32_USB_Device_Library/Class/CDC/Src/usbd_cdc.o
                0x00000000080077e8                USBD_CDC_ReceivePacket
 .text.USBD_Init
                0x000000000800783c       0x60 Middlewares/ST/STM32_USB_Device_Library/Core/Src/usbd_core.o
                0x000000000800783c                USBD_Init
 .text.USBD_RegisterClass
                0x000000000800789c       0x4e Middlewares/ST/STM32_USB_Device_Library/Core/Src/usbd_core.o
                0x000000000800789c                USBD_RegisterClass
 .text.USBD_Start
                0x00000000080078ea       0x18 Middlewares/ST/STM32_USB_Device_Library/Core/Src/usbd_core.o
                0x00000000080078ea                USBD_Start
 .text.USBD_RunTestMode
                0x0000000008007902       0x16 Middlewares/ST/STM32_USB_Device_Library/Core/Src/usbd_core.o
                0x0000000008007902                USBD_RunTestMode
 .text.USBD_SetClassConfig
                0x0000000008007918       0x38 Middlewares/ST/STM32_USB_Device_Library/Core/Src/usbd_core.o
                0x0000000008007918                USBD_SetClassConfig
 .text.USBD_ClrClassConfig
                0x0000000008007950       0x30 Middlewares/ST/STM32_USB_Device_Library/Core/Src/usbd_core.o
                0x0000000008007950                USBD_ClrClassConfig
 .text.USBD_LL_SetupStage
                0x0000000008007980       0xaa Middlewares/ST/STM32_USB_Device_Library/Core/Src/usbd_core.o
                0x0000000008007980                USBD_LL_SetupStage
 .text.USBD_LL_DataOutStage
                0x0000000008007a2a       0xc6 Middlewares/ST/STM32_USB_Device_Library/Core/Src/usbd_core.o
                0x0000000008007a2a                USBD_LL_DataOutStage
 .text.USBD_LL_DataInStage
                0x0000000008007af0      0x12c Middlewares/ST/STM32_USB_Device_Library/Core/Src/usbd_core.o
                0x0000000008007af0                USBD_LL_DataInStage
 .text.USBD_LL_Reset
                0x0000000008007c1c       0x9c Middlewares/ST/STM32_USB_Device_Library/Core/Src/usbd_core.o
                0x0000000008007c1c                USBD_LL_Reset
 .text.USBD_LL_SetSpeed
                0x0000000008007cb8       0x20 Middlewares/ST/STM32_USB_Device_Library/Core/Src/usbd_core.o
                0x0000000008007cb8                USBD_LL_SetSpeed
 .text.USBD_LL_Suspend
                0x0000000008007cd8       0x2c Middlewares/ST/STM32_USB_Device_Library/Core/Src/usbd_core.o
                0x0000000008007cd8                USBD_LL_Suspend
 .text.USBD_LL_Resume
                0x0000000008007d04       0x30 Middlewares/ST/STM32_USB_Device_Library/Core/Src/usbd_core.o
                0x0000000008007d04                USBD_LL_Resume
 .text.USBD_LL_SOF
                0x0000000008007d34       0x44 Middlewares/ST/STM32_USB_Device_Library/Core/Src/usbd_core.o
                0x0000000008007d34                USBD_LL_SOF
 .text.SWAPBYTE
                0x0000000008007d78       0x3c Middlewares/ST/STM32_USB_Device_Library/Core/Src/usbd_ctlreq.o
 .text.USBD_StdDevReq
                0x0000000008007db4       0xdc Middlewares/ST/STM32_USB_Device_Library/Core/Src/usbd_ctlreq.o
                0x0000000008007db4                USBD_StdDevReq
 .text.USBD_StdItfReq
                0x0000000008007e90       0x92 Middlewares/ST/STM32_USB_Device_Library/Core/Src/usbd_ctlreq.o
                0x0000000008007e90                USBD_StdItfReq
 .text.USBD_StdEPReq
                0x0000000008007f22      0x2c4 Middlewares/ST/STM32_USB_Device_Library/Core/Src/usbd_ctlreq.o
                0x0000000008007f22                USBD_StdEPReq
 *fill*         0x00000000080081e6        0x2 
 .text.USBD_GetDescriptor
                0x00000000080081e8      0x328 Middlewares/ST/STM32_USB_Device_Library/Core/Src/usbd_ctlreq.o
 .text.USBD_SetAddress
                0x0000000008008510       0x88 Middlewares/ST/STM32_USB_Device_Library/Core/Src/usbd_ctlreq.o
 .text.USBD_SetConfig
                0x0000000008008598      0x14c Middlewares/ST/STM32_USB_Device_Library/Core/Src/usbd_ctlreq.o
 .text.USBD_GetConfig
                0x00000000080086e4       0x6c Middlewares/ST/STM32_USB_Device_Library/Core/Src/usbd_ctlreq.o
 .text.USBD_GetStatus
                0x0000000008008750       0x68 Middlewares/ST/STM32_USB_Device_Library/Core/Src/usbd_ctlreq.o
 .text.USBD_SetFeature
                0x00000000080087b8       0x28 Middlewares/ST/STM32_USB_Device_Library/Core/Src/usbd_ctlreq.o
 .text.USBD_ClrFeature
                0x00000000080087e0       0x44 Middlewares/ST/STM32_USB_Device_Library/Core/Src/usbd_ctlreq.o
 .text.USBD_ParseSetupRequest
                0x0000000008008824       0x74 Middlewares/ST/STM32_USB_Device_Library/Core/Src/usbd_ctlreq.o
                0x0000000008008824                USBD_ParseSetupRequest
 .text.USBD_CtlError
                0x0000000008008898       0x22 Middlewares/ST/STM32_USB_Device_Library/Core/Src/usbd_ctlreq.o
                0x0000000008008898                USBD_CtlError
 .text.USBD_GetString
                0x00000000080088ba       0x8c Middlewares/ST/STM32_USB_Device_Library/Core/Src/usbd_ctlreq.o
                0x00000000080088ba                USBD_GetString
 .text.USBD_GetLen
                0x0000000008008946       0x34 Middlewares/ST/STM32_USB_Device_Library/Core/Src/usbd_ctlreq.o
 .text.USBD_CtlSendData
                0x000000000800897a       0x36 Middlewares/ST/STM32_USB_Device_Library/Core/Src/usbd_ioreq.o
                0x000000000800897a                USBD_CtlSendData
 .text.USBD_CtlContinueSendData
                0x00000000080089b0       0x22 Middlewares/ST/STM32_USB_Device_Library/Core/Src/usbd_ioreq.o
                0x00000000080089b0                USBD_CtlContinueSendData
 .text.USBD_CtlPrepareRx
                0x00000000080089d2       0x3a Middlewares/ST/STM32_USB_Device_Library/Core/Src/usbd_ioreq.o
                0x00000000080089d2                USBD_CtlPrepareRx
 .text.USBD_CtlContinueRx
                0x0000000008008a0c       0x22 Middlewares/ST/STM32_USB_Device_Library/Core/Src/usbd_ioreq.o
                0x0000000008008a0c                USBD_CtlContinueRx
 .text.USBD_CtlSendStatus
                0x0000000008008a2e       0x26 Middlewares/ST/STM32_USB_Device_Library/Core/Src/usbd_ioreq.o
                0x0000000008008a2e                USBD_CtlSendStatus
 .text.USBD_CtlReceiveStatus
                0x0000000008008a54       0x26 Middlewares/ST/STM32_USB_Device_Library/Core/Src/usbd_ioreq.o
                0x0000000008008a54                USBD_CtlReceiveStatus
 *fill*         0x0000000008008a7a        0x2 
 .text.MX_USB_Device_Init
                0x0000000008008a7c       0x60 USB_Device/App/usb_device.o
                0x0000000008008a7c                MX_USB_Device_Init
 .text.CDC_Init_FS
                0x0000000008008adc       0x28 USB_Device/App/usbd_cdc_if.o
 .text.CDC_DeInit_FS
                0x0000000008008b04       0x10 USB_Device/App/usbd_cdc_if.o
 .text.CDC_Control_FS
                0x0000000008008b14       0xbc USB_Device/App/usbd_cdc_if.o
 .text.CDC_Receive_FS
                0x0000000008008bd0       0x28 USB_Device/App/usbd_cdc_if.o
 .text.CDC_Transmit_FS
                0x0000000008008bf8       0x4c USB_Device/App/usbd_cdc_if.o
                0x0000000008008bf8                CDC_Transmit_FS
 .text.CDC_TransmitCplt_FS
                0x0000000008008c44       0x22 USB_Device/App/usbd_cdc_if.o
 *fill*         0x0000000008008c66        0x2 
 .text.USBD_CDC_DeviceDescriptor
                0x0000000008008c68       0x24 USB_Device/App/usbd_desc.o
                0x0000000008008c68                USBD_CDC_DeviceDescriptor
 .text.USBD_CDC_LangIDStrDescriptor
                0x0000000008008c8c       0x24 USB_Device/App/usbd_desc.o
                0x0000000008008c8c                USBD_CDC_LangIDStrDescriptor
 .text.USBD_CDC_ProductStrDescriptor
                0x0000000008008cb0       0x3c USB_Device/App/usbd_desc.o
                0x0000000008008cb0                USBD_CDC_ProductStrDescriptor
 .text.USBD_CDC_ManufacturerStrDescriptor
                0x0000000008008cec       0x28 USB_Device/App/usbd_desc.o
                0x0000000008008cec                USBD_CDC_ManufacturerStrDescriptor
 .text.USBD_CDC_SerialStrDescriptor
                0x0000000008008d14       0x24 USB_Device/App/usbd_desc.o
                0x0000000008008d14                USBD_CDC_SerialStrDescriptor
 .text.USBD_CDC_ConfigStrDescriptor
                0x0000000008008d38       0x3c USB_Device/App/usbd_desc.o
                0x0000000008008d38                USBD_CDC_ConfigStrDescriptor
 .text.USBD_CDC_InterfaceStrDescriptor
                0x0000000008008d74       0x3c USB_Device/App/usbd_desc.o
                0x0000000008008d74                USBD_CDC_InterfaceStrDescriptor
 .text.Get_SerialNum
                0x0000000008008db0       0x58 USB_Device/App/usbd_desc.o
 .text.IntToUnicode
                0x0000000008008e08       0x7e USB_Device/App/usbd_desc.o
 *fill*         0x0000000008008e86        0x2 
 .text.HAL_PCD_MspInit
                0x0000000008008e88       0x4c USB_Device/Target/usbd_conf.o
                0x0000000008008e88                HAL_PCD_MspInit
 .text.HAL_PCD_SetupStageCallback
                0x0000000008008ed4       0x24 USB_Device/Target/usbd_conf.o
                0x0000000008008ed4                HAL_PCD_SetupStageCallback
 .text.HAL_PCD_DataOutStageCallback
                0x0000000008008ef8       0x36 USB_Device/Target/usbd_conf.o
                0x0000000008008ef8                HAL_PCD_DataOutStageCallback
 .text.HAL_PCD_DataInStageCallback
                0x0000000008008f2e       0x34 USB_Device/Target/usbd_conf.o
                0x0000000008008f2e                HAL_PCD_DataInStageCallback
 .text.HAL_PCD_SOFCallback
                0x0000000008008f62       0x1c USB_Device/Target/usbd_conf.o
                0x0000000008008f62                HAL_PCD_SOFCallback
 .text.HAL_PCD_ResetCallback
                0x0000000008008f7e       0x3c USB_Device/Target/usbd_conf.o
                0x0000000008008f7e                HAL_PCD_ResetCallback
 *fill*         0x0000000008008fba        0x2 
 .text.HAL_PCD_SuspendCallback
                0x0000000008008fbc       0x34 USB_Device/Target/usbd_conf.o
                0x0000000008008fbc                HAL_PCD_SuspendCallback
 .text.HAL_PCD_ResumeCallback
                0x0000000008008ff0       0x38 USB_Device/Target/usbd_conf.o
                0x0000000008008ff0                HAL_PCD_ResumeCallback
 .text.USBD_LL_Init
                0x0000000008009028       0xc0 USB_Device/Target/usbd_conf.o
                0x0000000008009028                USBD_LL_Init
 .text.USBD_LL_Start
                0x00000000080090e8       0x36 USB_Device/Target/usbd_conf.o
                0x00000000080090e8                USBD_LL_Start
 .text.USBD_LL_OpenEP
                0x000000000800911e       0x4c USB_Device/Target/usbd_conf.o
                0x000000000800911e                USBD_LL_OpenEP
 .text.USBD_LL_CloseEP
                0x000000000800916a       0x3e USB_Device/Target/usbd_conf.o
                0x000000000800916a                USBD_LL_CloseEP
 .text.USBD_LL_StallEP
                0x00000000080091a8       0x3e USB_Device/Target/usbd_conf.o
                0x00000000080091a8                USBD_LL_StallEP
 .text.USBD_LL_ClearStallEP
                0x00000000080091e6       0x3e USB_Device/Target/usbd_conf.o
                0x00000000080091e6                USBD_LL_ClearStallEP
 .text.USBD_LL_IsStallEP
                0x0000000008009224       0x5a USB_Device/Target/usbd_conf.o
                0x0000000008009224                USBD_LL_IsStallEP
 .text.USBD_LL_SetUSBAddress
                0x000000000800927e       0x3e USB_Device/Target/usbd_conf.o
                0x000000000800927e                USBD_LL_SetUSBAddress
 .text.USBD_LL_Transmit
                0x00000000080092bc       0x42 USB_Device/Target/usbd_conf.o
                0x00000000080092bc                USBD_LL_Transmit
 .text.USBD_LL_PrepareReceive
                0x00000000080092fe       0x42 USB_Device/Target/usbd_conf.o
                0x00000000080092fe                USBD_LL_PrepareReceive
 .text.USBD_LL_GetRxDataSize
                0x0000000008009340       0x26 USB_Device/Target/usbd_conf.o
                0x0000000008009340                USBD_LL_GetRxDataSize
 *fill*         0x0000000008009366        0x2 
 .text.HAL_PCDEx_LPM_Callback
                0x0000000008009368       0x6c USB_Device/Target/usbd_conf.o
                0x0000000008009368                HAL_PCDEx_LPM_Callback
 .text.USBD_static_malloc
                0x00000000080093d4       0x1c USB_Device/Target/usbd_conf.o
                0x00000000080093d4                USBD_static_malloc
 .text.USBD_static_free
                0x00000000080093f0       0x14 USB_Device/Target/usbd_conf.o
                0x00000000080093f0                USBD_static_free
 .text.SystemClockConfig_Resume
                0x0000000008009404        0xc USB_Device/Target/usbd_conf.o
 .text.USBD_Get_USB_Status
                0x0000000008009410       0x58 USB_Device/Target/usbd_conf.o
 .text.__libc_init_array
                0x0000000008009468       0x48 /Applications/STM32CubeIDE.app/Contents/Eclipse/plugins/com.st.stm32cube.ide.mcu.externaltools.gnu-tools-for-stm32.9-2020-q2-update.macos64_1.5.0.202011040924/tools/bin/../lib/gcc/arm-none-eabi/9.3.1/../../../../arm-none-eabi/lib/thumb/v7e-m+fp/hard/libc_nano.a(lib_a-init.o)
                0x0000000008009468                __libc_init_array
 .text.memset   0x00000000080094b0       0x10 /Applications/STM32CubeIDE.app/Contents/Eclipse/plugins/com.st.stm32cube.ide.mcu.externaltools.gnu-tools-for-stm32.9-2020-q2-update.macos64_1.5.0.202011040924/tools/bin/../lib/gcc/arm-none-eabi/9.3.1/../../../../arm-none-eabi/lib/thumb/v7e-m+fp/hard/libc_nano.a(lib_a-memset.o)
                0x00000000080094b0                memset
 *(.glue_7)
 .glue_7        0x00000000080094c0        0x0 linker stubs
 *(.glue_7t)
 .glue_7t       0x00000000080094c0        0x0 linker stubs
 *(.eh_frame)
 .eh_frame      0x00000000080094c0        0x0 /Applications/STM32CubeIDE.app/Contents/Eclipse/plugins/com.st.stm32cube.ide.mcu.externaltools.gnu-tools-for-stm32.9-2020-q2-update.macos64_1.5.0.202011040924/tools/bin/../lib/gcc/arm-none-eabi/9.3.1/thumb/v7e-m+fp/hard/crtbegin.o
 *(.init)
 .init          0x00000000080094c0        0x4 /Applications/STM32CubeIDE.app/Contents/Eclipse/plugins/com.st.stm32cube.ide.mcu.externaltools.gnu-tools-for-stm32.9-2020-q2-update.macos64_1.5.0.202011040924/tools/bin/../lib/gcc/arm-none-eabi/9.3.1/thumb/v7e-m+fp/hard/crti.o
                0x00000000080094c0                _init
 .init          0x00000000080094c4        0x8 /Applications/STM32CubeIDE.app/Contents/Eclipse/plugins/com.st.stm32cube.ide.mcu.externaltools.gnu-tools-for-stm32.9-2020-q2-update.macos64_1.5.0.202011040924/tools/bin/../lib/gcc/arm-none-eabi/9.3.1/thumb/v7e-m+fp/hard/crtn.o
 *(.fini)
 .fini          0x00000000080094cc        0x4 /Applications/STM32CubeIDE.app/Contents/Eclipse/plugins/com.st.stm32cube.ide.mcu.externaltools.gnu-tools-for-stm32.9-2020-q2-update.macos64_1.5.0.202011040924/tools/bin/../lib/gcc/arm-none-eabi/9.3.1/thumb/v7e-m+fp/hard/crti.o
                0x00000000080094cc                _fini
 .fini          0x00000000080094d0        0x8 /Applications/STM32CubeIDE.app/Contents/Eclipse/plugins/com.st.stm32cube.ide.mcu.externaltools.gnu-tools-for-stm32.9-2020-q2-update.macos64_1.5.0.202011040924/tools/bin/../lib/gcc/arm-none-eabi/9.3.1/thumb/v7e-m+fp/hard/crtn.o
                0x00000000080094d8                . = ALIGN (0x4)
                0x00000000080094d8                _etext = .

.vfp11_veneer   0x00000000080094d8        0x0
 .vfp11_veneer  0x00000000080094d8        0x0 linker stubs

.v4_bx          0x00000000080094d8        0x0
 .v4_bx         0x00000000080094d8        0x0 linker stubs

.iplt           0x00000000080094d8        0x0
 .iplt          0x00000000080094d8        0x0 /Applications/STM32CubeIDE.app/Contents/Eclipse/plugins/com.st.stm32cube.ide.mcu.externaltools.gnu-tools-for-stm32.9-2020-q2-update.macos64_1.5.0.202011040924/tools/bin/../lib/gcc/arm-none-eabi/9.3.1/thumb/v7e-m+fp/hard/crtbegin.o

.rodata         0x00000000080094d8       0x60
                0x00000000080094d8                . = ALIGN (0x4)
 *(.rodata)
 .rodata        0x00000000080094d8        0x6 Core/Src/main.o
 *fill*         0x00000000080094de        0x2 
 .rodata        0x00000000080094e0       0x46 USB_Device/App/usbd_desc.o
 *(.rodata*)
 *fill*         0x0000000008009526        0x2 
 .rodata.AHBPrescTable
                0x0000000008009528       0x10 Core/Src/system_stm32g4xx.o
                0x0000000008009528                AHBPrescTable
                0x0000000008009538                . = ALIGN (0x4)

.rel.dyn        0x0000000008009538        0x0
 .rel.iplt      0x0000000008009538        0x0 /Applications/STM32CubeIDE.app/Contents/Eclipse/plugins/com.st.stm32cube.ide.mcu.externaltools.gnu-tools-for-stm32.9-2020-q2-update.macos64_1.5.0.202011040924/tools/bin/../lib/gcc/arm-none-eabi/9.3.1/thumb/v7e-m+fp/hard/crtbegin.o

.ARM.extab      0x0000000008009538        0x0
                0x0000000008009538                . = ALIGN (0x4)
 *(.ARM.extab* .gnu.linkonce.armextab.*)
                0x0000000008009538                . = ALIGN (0x4)

.ARM            0x0000000008009538        0x0
                0x0000000008009538                . = ALIGN (0x4)
                0x0000000008009538                __exidx_start = .
 *(.ARM.exidx*)
                0x0000000008009538                __exidx_end = .
                0x0000000008009538                . = ALIGN (0x4)

.preinit_array  0x0000000008009538        0x0
                0x0000000008009538                . = ALIGN (0x4)
                0x0000000008009538                PROVIDE (__preinit_array_start = .)
 *(.preinit_array*)
                0x0000000008009538                PROVIDE (__preinit_array_end = .)
                0x0000000008009538                . = ALIGN (0x4)

.init_array     0x0000000008009538        0x4
                0x0000000008009538                . = ALIGN (0x4)
                0x0000000008009538                PROVIDE (__init_array_start = .)
 *(SORT_BY_NAME(.init_array.*))
 *(.init_array*)
 .init_array    0x0000000008009538        0x4 /Applications/STM32CubeIDE.app/Contents/Eclipse/plugins/com.st.stm32cube.ide.mcu.externaltools.gnu-tools-for-stm32.9-2020-q2-update.macos64_1.5.0.202011040924/tools/bin/../lib/gcc/arm-none-eabi/9.3.1/thumb/v7e-m+fp/hard/crtbegin.o
                0x000000000800953c                PROVIDE (__init_array_end = .)
                0x000000000800953c                . = ALIGN (0x4)

.fini_array     0x000000000800953c        0x4
                0x000000000800953c                . = ALIGN (0x4)
                [!provide]                        PROVIDE (__fini_array_start = .)
 *(SORT_BY_NAME(.fini_array.*))
 *(.fini_array*)
 .fini_array    0x000000000800953c        0x4 /Applications/STM32CubeIDE.app/Contents/Eclipse/plugins/com.st.stm32cube.ide.mcu.externaltools.gnu-tools-for-stm32.9-2020-q2-update.macos64_1.5.0.202011040924/tools/bin/../lib/gcc/arm-none-eabi/9.3.1/thumb/v7e-m+fp/hard/crtbegin.o
                [!provide]                        PROVIDE (__fini_array_end = .)
                0x0000000008009540                . = ALIGN (0x4)
                0x0000000008009540                _sidata = LOADADDR (.data)

.data           0x0000000020000000      0x184 load address 0x0000000008009540
                0x0000000020000000                . = ALIGN (0x4)
                0x0000000020000000                _sdata = .
 *(.data)
 *(.data*)
 .data.SystemCoreClock
                0x0000000020000000        0x4 Core/Src/system_stm32g4xx.o
                0x0000000020000000                SystemCoreClock
 .data.uwTickPrio
                0x0000000020000004        0x4 Drivers/STM32G4xx_HAL_Driver/Src/stm32g4xx_hal.o
                0x0000000020000004                uwTickPrio
 .data.uwTickFreq
                0x0000000020000008        0x4 Drivers/STM32G4xx_HAL_Driver/Src/stm32g4xx_hal.o
                0x0000000020000008                uwTickFreq
 .data.USBD_CDC_DeviceQualifierDesc
                0x000000002000000c        0xa Middlewares/ST/STM32_USB_Device_Library/Class/CDC/Src/usbd_cdc.o
 *fill*         0x0000000020000016        0x2 
 .data.USBD_CDC
                0x0000000020000018       0x38 Middlewares/ST/STM32_USB_Device_Library/Class/CDC/Src/usbd_cdc.o
                0x0000000020000018                USBD_CDC
 .data.USBD_CDC_CfgHSDesc
                0x0000000020000050       0x43 Middlewares/ST/STM32_USB_Device_Library/Class/CDC/Src/usbd_cdc.o
 *fill*         0x0000000020000093        0x1 
 .data.USBD_CDC_CfgFSDesc
                0x0000000020000094       0x43 Middlewares/ST/STM32_USB_Device_Library/Class/CDC/Src/usbd_cdc.o
 *fill*         0x00000000200000d7        0x1 
 .data.USBD_CDC_OtherSpeedCfgDesc
                0x00000000200000d8       0x43 Middlewares/ST/STM32_USB_Device_Library/Class/CDC/Src/usbd_cdc.o
 *fill*         0x000000002000011b        0x1 
 .data.USBD_Interface_fops_FS
                0x000000002000011c       0x14 USB_Device/App/usbd_cdc_if.o
                0x000000002000011c                USBD_Interface_fops_FS
 .data.CDC_Desc
                0x0000000020000130       0x20 USB_Device/App/usbd_desc.o
                0x0000000020000130                CDC_Desc
 .data.USBD_CDC_DeviceDesc
                0x0000000020000150       0x12 USB_Device/App/usbd_desc.o
                0x0000000020000150                USBD_CDC_DeviceDesc
 *fill*         0x0000000020000162        0x2 
 .data.USBD_LangIDDesc
                0x0000000020000164        0x4 USB_Device/App/usbd_desc.o
                0x0000000020000164                USBD_LangIDDesc
 .data.USBD_StringSerial
                0x0000000020000168       0x1a USB_Device/App/usbd_desc.o
                0x0000000020000168                USBD_StringSerial
 *(.RamFunc)
 *(.RamFunc*)
                0x0000000020000184                . = ALIGN (0x4)
 *fill*         0x0000000020000182        0x2 
                0x0000000020000184                _edata = .

.igot.plt       0x0000000020000184        0x0 load address 0x00000000080096c4
 .igot.plt      0x0000000020000184        0x0 /Applications/STM32CubeIDE.app/Contents/Eclipse/plugins/com.st.stm32cube.ide.mcu.externaltools.gnu-tools-for-stm32.9-2020-q2-update.macos64_1.5.0.202011040924/tools/bin/../lib/gcc/arm-none-eabi/9.3.1/thumb/v7e-m+fp/hard/crtbegin.o
                0x0000000020000184                . = ALIGN (0x4)

.bss            0x0000000020000184     0x12cc load address 0x00000000080096c4
                0x0000000020000184                _sbss = .
                0x0000000020000184                __bss_start__ = _sbss
 *(.bss)
 .bss           0x0000000020000184       0x1c /Applications/STM32CubeIDE.app/Contents/Eclipse/plugins/com.st.stm32cube.ide.mcu.externaltools.gnu-tools-for-stm32.9-2020-q2-update.macos64_1.5.0.202011040924/tools/bin/../lib/gcc/arm-none-eabi/9.3.1/thumb/v7e-m+fp/hard/crtbegin.o
 *(.bss*)
 .bss.cfgidx.10740
                0x00000000200001a0        0x1 Middlewares/ST/STM32_USB_Device_Library/Core/Src/usbd_ctlreq.o
 *fill*         0x00000000200001a1        0x3 
 .bss.mem.10818
                0x00000000200001a4      0x220 USB_Device/Target/usbd_conf.o
 *(COMMON)
 COMMON         0x00000000200003c4        0x3 Core/Src/MAX31856drv.o
                0x00000000200003c4                uch_cr1
                0x00000000200003c5                uch_mask
                0x00000000200003c6                uch_cr0
 *fill*         0x00000000200003c7        0x1 
 COMMON         0x00000000200003c8       0x64 Core/Src/fdcan.o
                0x00000000200003c8                hfdcan1
 COMMON         0x000000002000042c       0x28 Core/Src/rtc.o
                0x000000002000042c                hrtc
 COMMON         0x0000000020000454       0x64 Core/Src/spi.o
                0x0000000020000454                hspi1
 COMMON         0x00000000200004b8        0x4 Drivers/STM32G4xx_HAL_Driver/Src/stm32g4xx_hal.o
                0x00000000200004b8                uwTick
 COMMON         0x00000000200004bc      0x2d0 USB_Device/App/usb_device.o
                0x00000000200004bc                hUsbDeviceFS
 COMMON         0x000000002000078c      0x7d0 USB_Device/App/usbd_cdc_if.o
                0x000000002000078c                UserRxBufferFS
                0x0000000020000b74                UserTxBufferFS
 COMMON         0x0000000020000f5c      0x200 USB_Device/App/usbd_desc.o
                0x0000000020000f5c                USBD_StrDesc
 COMMON         0x000000002000115c      0x2f4 USB_Device/Target/usbd_conf.o
                0x000000002000115c                hpcd_USB_FS
                0x0000000020001450                . = ALIGN (0x4)
                0x0000000020001450                _ebss = .
                0x0000000020001450                __bss_end__ = _ebss

._user_heap_stack
                0x0000000020001450      0x600 load address 0x00000000080096c4
                0x0000000020001450                . = ALIGN (0x8)
                [!provide]                        PROVIDE (end = .)
                0x0000000020001450                PROVIDE (_end = .)
                0x0000000020001650                . = (. + _Min_Heap_Size)
 *fill*         0x0000000020001450      0x200 
                0x0000000020001a50                . = (. + _Min_Stack_Size)
 *fill*         0x0000000020001650      0x400 
                0x0000000020001a50                . = ALIGN (0x8)

/DISCARD/
 libc.a(*)
 libm.a(*)
 libgcc.a(*)

.ARM.attributes
                0x0000000000000000       0x30
 *(.ARM.attributes)
 .ARM.attributes
                0x0000000000000000       0x1e /Applications/STM32CubeIDE.app/Contents/Eclipse/plugins/com.st.stm32cube.ide.mcu.externaltools.gnu-tools-for-stm32.9-2020-q2-update.macos64_1.5.0.202011040924/tools/bin/../lib/gcc/arm-none-eabi/9.3.1/thumb/v7e-m+fp/hard/crti.o
 .ARM.attributes
                0x000000000000001e       0x34 /Applications/STM32CubeIDE.app/Contents/Eclipse/plugins/com.st.stm32cube.ide.mcu.externaltools.gnu-tools-for-stm32.9-2020-q2-update.macos64_1.5.0.202011040924/tools/bin/../lib/gcc/arm-none-eabi/9.3.1/thumb/v7e-m+fp/hard/crtbegin.o
 .ARM.attributes
                0x0000000000000052       0x34 Core/Src/MAX31856drv.o
 .ARM.attributes
                0x0000000000000086       0x34 Core/Src/fdcan.o
 .ARM.attributes
                0x00000000000000ba       0x34 Core/Src/gpio.o
 .ARM.attributes
                0x00000000000000ee       0x34 Core/Src/main.o
 .ARM.attributes
                0x0000000000000122       0x34 Core/Src/rtc.o
 .ARM.attributes
                0x0000000000000156       0x34 Core/Src/spi.o
 .ARM.attributes
                0x000000000000018a       0x34 Core/Src/stm32g4xx_hal_msp.o
 .ARM.attributes
                0x00000000000001be       0x34 Core/Src/stm32g4xx_it.o
 .ARM.attributes
                0x00000000000001f2       0x34 Core/Src/system_stm32g4xx.o
 .ARM.attributes
                0x0000000000000226       0x21 Core/Startup/startup_stm32g473cetx.o
 .ARM.attributes
                0x0000000000000247       0x34 Drivers/STM32G4xx_HAL_Driver/Src/stm32g4xx_hal.o
 .ARM.attributes
                0x000000000000027b       0x34 Drivers/STM32G4xx_HAL_Driver/Src/stm32g4xx_hal_cortex.o
 .ARM.attributes
                0x00000000000002af       0x34 Drivers/STM32G4xx_HAL_Driver/Src/stm32g4xx_hal_fdcan.o
 .ARM.attributes
                0x00000000000002e3       0x34 Drivers/STM32G4xx_HAL_Driver/Src/stm32g4xx_hal_gpio.o
 .ARM.attributes
                0x0000000000000317       0x34 Drivers/STM32G4xx_HAL_Driver/Src/stm32g4xx_hal_pcd.o
 .ARM.attributes
                0x000000000000034b       0x34 Drivers/STM32G4xx_HAL_Driver/Src/stm32g4xx_hal_pcd_ex.o
 .ARM.attributes
                0x000000000000037f       0x34 Drivers/STM32G4xx_HAL_Driver/Src/stm32g4xx_hal_pwr.o
 .ARM.attributes
                0x00000000000003b3       0x34 Drivers/STM32G4xx_HAL_Driver/Src/stm32g4xx_hal_pwr_ex.o
 .ARM.attributes
                0x00000000000003e7       0x34 Drivers/STM32G4xx_HAL_Driver/Src/stm32g4xx_hal_rcc.o
 .ARM.attributes
                0x000000000000041b       0x34 Drivers/STM32G4xx_HAL_Driver/Src/stm32g4xx_hal_rcc_ex.o
 .ARM.attributes
                0x000000000000044f       0x34 Drivers/STM32G4xx_HAL_Driver/Src/stm32g4xx_hal_rtc.o
 .ARM.attributes
                0x0000000000000483       0x34 Drivers/STM32G4xx_HAL_Driver/Src/stm32g4xx_hal_spi.o
 .ARM.attributes
                0x00000000000004b7       0x34 Drivers/STM32G4xx_HAL_Driver/Src/stm32g4xx_ll_usb.o
 .ARM.attributes
                0x00000000000004eb       0x34 Middlewares/ST/STM32_USB_Device_Library/Class/CDC/Src/usbd_cdc.o
 .ARM.attributes
                0x000000000000051f       0x34 Middlewares/ST/STM32_USB_Device_Library/Core/Src/usbd_core.o
 .ARM.attributes
                0x0000000000000553       0x34 Middlewares/ST/STM32_USB_Device_Library/Core/Src/usbd_ctlreq.o
 .ARM.attributes
                0x0000000000000587       0x34 Middlewares/ST/STM32_USB_Device_Library/Core/Src/usbd_ioreq.o
 .ARM.attributes
                0x00000000000005bb       0x34 USB_Device/App/usb_device.o
 .ARM.attributes
                0x00000000000005ef       0x34 USB_Device/App/usbd_cdc_if.o
 .ARM.attributes
                0x0000000000000623       0x34 USB_Device/App/usbd_desc.o
 .ARM.attributes
                0x0000000000000657       0x34 USB_Device/Target/usbd_conf.o
 .ARM.attributes
                0x000000000000068b       0x34 /Applications/STM32CubeIDE.app/Contents/Eclipse/plugins/com.st.stm32cube.ide.mcu.externaltools.gnu-tools-for-stm32.9-2020-q2-update.macos64_1.5.0.202011040924/tools/bin/../lib/gcc/arm-none-eabi/9.3.1/../../../../arm-none-eabi/lib/thumb/v7e-m+fp/hard/libc_nano.a(lib_a-init.o)
 .ARM.attributes
                0x00000000000006bf       0x34 /Applications/STM32CubeIDE.app/Contents/Eclipse/plugins/com.st.stm32cube.ide.mcu.externaltools.gnu-tools-for-stm32.9-2020-q2-update.macos64_1.5.0.202011040924/tools/bin/../lib/gcc/arm-none-eabi/9.3.1/../../../../arm-none-eabi/lib/thumb/v7e-m+fp/hard/libc_nano.a(lib_a-memset.o)
 .ARM.attributes
                0x00000000000006f3       0x1e /Applications/STM32CubeIDE.app/Contents/Eclipse/plugins/com.st.stm32cube.ide.mcu.externaltools.gnu-tools-for-stm32.9-2020-q2-update.macos64_1.5.0.202011040924/tools/bin/../lib/gcc/arm-none-eabi/9.3.1/thumb/v7e-m+fp/hard/crtn.o
OUTPUT(STM32G4-SPI.elf elf32-littlearm)
LOAD linker stubs
LOAD /Applications/STM32CubeIDE.app/Contents/Eclipse/plugins/com.st.stm32cube.ide.mcu.externaltools.gnu-tools-for-stm32.9-2020-q2-update.macos64_1.5.0.202011040924/tools/bin/../lib/gcc/arm-none-eabi/9.3.1/../../../../arm-none-eabi/lib/thumb/v7e-m+fp/hard/libc.a
LOAD /Applications/STM32CubeIDE.app/Contents/Eclipse/plugins/com.st.stm32cube.ide.mcu.externaltools.gnu-tools-for-stm32.9-2020-q2-update.macos64_1.5.0.202011040924/tools/bin/../lib/gcc/arm-none-eabi/9.3.1/../../../../arm-none-eabi/lib/thumb/v7e-m+fp/hard/libm.a
LOAD /Applications/STM32CubeIDE.app/Contents/Eclipse/plugins/com.st.stm32cube.ide.mcu.externaltools.gnu-tools-for-stm32.9-2020-q2-update.macos64_1.5.0.202011040924/tools/bin/../lib/gcc/arm-none-eabi/9.3.1/thumb/v7e-m+fp/hard/libgcc.a

.debug_info     0x0000000000000000    0x1ee87
 .debug_info    0x0000000000000000      0xb53 Core/Src/MAX31856drv.o
 .debug_info    0x0000000000000b53      0xb87 Core/Src/fdcan.o
 .debug_info    0x00000000000016da      0x677 Core/Src/gpio.o
 .debug_info    0x0000000000001d51     0x2333 Core/Src/main.o
 .debug_info    0x0000000000004084      0x7d4 Core/Src/rtc.o
 .debug_info    0x0000000000004858      0xcbb Core/Src/spi.o
 .debug_info    0x0000000000005513      0x508 Core/Src/stm32g4xx_hal_msp.o
 .debug_info    0x0000000000005a1b      0x829 Core/Src/stm32g4xx_it.o
 .debug_info    0x0000000000006244      0x718 Core/Src/system_stm32g4xx.o
 .debug_info    0x000000000000695c       0x22 Core/Startup/startup_stm32g473cetx.o
 .debug_info    0x000000000000697e      0xccd Drivers/STM32G4xx_HAL_Driver/Src/stm32g4xx_hal.o
 .debug_info    0x000000000000764b     0x1002 Drivers/STM32G4xx_HAL_Driver/Src/stm32g4xx_hal_cortex.o
 .debug_info    0x000000000000864d     0x1afb Drivers/STM32G4xx_HAL_Driver/Src/stm32g4xx_hal_fdcan.o
 .debug_info    0x000000000000a148      0xa13 Drivers/STM32G4xx_HAL_Driver/Src/stm32g4xx_hal_gpio.o
 .debug_info    0x000000000000ab5b     0x1564 Drivers/STM32G4xx_HAL_Driver/Src/stm32g4xx_hal_pcd.o
 .debug_info    0x000000000000c0bf      0xa14 Drivers/STM32G4xx_HAL_Driver/Src/stm32g4xx_hal_pcd_ex.o
 .debug_info    0x000000000000cad3      0xaf1 Drivers/STM32G4xx_HAL_Driver/Src/stm32g4xx_hal_pwr.o
 .debug_info    0x000000000000d5c4      0xb3a Drivers/STM32G4xx_HAL_Driver/Src/stm32g4xx_hal_pwr_ex.o
 .debug_info    0x000000000000e0fe      0xddd Drivers/STM32G4xx_HAL_Driver/Src/stm32g4xx_hal_rcc.o
 .debug_info    0x000000000000eedb      0xeac Drivers/STM32G4xx_HAL_Driver/Src/stm32g4xx_hal_rcc_ex.o
 .debug_info    0x000000000000fd87     0x10ff Drivers/STM32G4xx_HAL_Driver/Src/stm32g4xx_hal_rtc.o
 .debug_info    0x0000000000010e86     0x19d5 Drivers/STM32G4xx_HAL_Driver/Src/stm32g4xx_hal_spi.o
 .debug_info    0x000000000001285b     0x1937 Drivers/STM32G4xx_HAL_Driver/Src/stm32g4xx_ll_usb.o
 .debug_info    0x0000000000014192     0x1ae7 Middlewares/ST/STM32_USB_Device_Library/Class/CDC/Src/usbd_cdc.o
 .debug_info    0x0000000000015c79     0x14ad Middlewares/ST/STM32_USB_Device_Library/Core/Src/usbd_core.o
 .debug_info    0x0000000000017126     0x1479 Middlewares/ST/STM32_USB_Device_Library/Core/Src/usbd_ctlreq.o
 .debug_info    0x000000000001859f     0x119b Middlewares/ST/STM32_USB_Device_Library/Core/Src/usbd_ioreq.o
 .debug_info    0x000000000001973a     0x1104 USB_Device/App/usb_device.o
 .debug_info    0x000000000001a83e     0x1335 USB_Device/App/usbd_cdc_if.o
 .debug_info    0x000000000001bb73      0xef7 USB_Device/App/usbd_desc.o
 .debug_info    0x000000000001ca6a     0x241d USB_Device/Target/usbd_conf.o

.debug_abbrev   0x0000000000000000     0x4190
 .debug_abbrev  0x0000000000000000      0x221 Core/Src/MAX31856drv.o
 .debug_abbrev  0x0000000000000221      0x193 Core/Src/fdcan.o
 .debug_abbrev  0x00000000000003b4      0x14e Core/Src/gpio.o
 .debug_abbrev  0x0000000000000502      0x25e Core/Src/main.o
 .debug_abbrev  0x0000000000000760      0x15d Core/Src/rtc.o
 .debug_abbrev  0x00000000000008bd      0x1bb Core/Src/spi.o
 .debug_abbrev  0x0000000000000a78      0x13d Core/Src/stm32g4xx_hal_msp.o
 .debug_abbrev  0x0000000000000bb5      0x173 Core/Src/stm32g4xx_it.o
 .debug_abbrev  0x0000000000000d28      0x165 Core/Src/system_stm32g4xx.o
 .debug_abbrev  0x0000000000000e8d       0x12 Core/Startup/startup_stm32g473cetx.o
 .debug_abbrev  0x0000000000000e9f      0x227 Drivers/STM32G4xx_HAL_Driver/Src/stm32g4xx_hal.o
 .debug_abbrev  0x00000000000010c6      0x333 Drivers/STM32G4xx_HAL_Driver/Src/stm32g4xx_hal_cortex.o
 .debug_abbrev  0x00000000000013f9      0x1f5 Drivers/STM32G4xx_HAL_Driver/Src/stm32g4xx_hal_fdcan.o
 .debug_abbrev  0x00000000000015ee      0x1e8 Drivers/STM32G4xx_HAL_Driver/Src/stm32g4xx_hal_gpio.o
 .debug_abbrev  0x00000000000017d6      0x29e Drivers/STM32G4xx_HAL_Driver/Src/stm32g4xx_hal_pcd.o
 .debug_abbrev  0x0000000000001a74      0x219 Drivers/STM32G4xx_HAL_Driver/Src/stm32g4xx_hal_pcd_ex.o
 .debug_abbrev  0x0000000000001c8d      0x1a2 Drivers/STM32G4xx_HAL_Driver/Src/stm32g4xx_hal_pwr.o
 .debug_abbrev  0x0000000000001e2f      0x229 Drivers/STM32G4xx_HAL_Driver/Src/stm32g4xx_hal_pwr_ex.o
 .debug_abbrev  0x0000000000002058      0x275 Drivers/STM32G4xx_HAL_Driver/Src/stm32g4xx_hal_rcc.o
 .debug_abbrev  0x00000000000022cd      0x230 Drivers/STM32G4xx_HAL_Driver/Src/stm32g4xx_hal_rcc_ex.o
 .debug_abbrev  0x00000000000024fd      0x1ea Drivers/STM32G4xx_HAL_Driver/Src/stm32g4xx_hal_rtc.o
 .debug_abbrev  0x00000000000026e7      0x254 Drivers/STM32G4xx_HAL_Driver/Src/stm32g4xx_hal_spi.o
 .debug_abbrev  0x000000000000293b      0x25c Drivers/STM32G4xx_HAL_Driver/Src/stm32g4xx_ll_usb.o
 .debug_abbrev  0x0000000000002b97      0x2ed Middlewares/ST/STM32_USB_Device_Library/Class/CDC/Src/usbd_cdc.o
 .debug_abbrev  0x0000000000002e84      0x2b7 Middlewares/ST/STM32_USB_Device_Library/Core/Src/usbd_core.o
 .debug_abbrev  0x000000000000313b      0x2fc Middlewares/ST/STM32_USB_Device_Library/Core/Src/usbd_ctlreq.o
 .debug_abbrev  0x0000000000003437      0x22a Middlewares/ST/STM32_USB_Device_Library/Core/Src/usbd_ioreq.o
 .debug_abbrev  0x0000000000003661      0x204 USB_Device/App/usb_device.o
 .debug_abbrev  0x0000000000003865      0x30c USB_Device/App/usbd_cdc_if.o
 .debug_abbrev  0x0000000000003b71      0x2d9 USB_Device/App/usbd_desc.o
 .debug_abbrev  0x0000000000003e4a      0x346 USB_Device/Target/usbd_conf.o

.debug_aranges  0x0000000000000000     0x1300
 .debug_aranges
                0x0000000000000000       0x78 Core/Src/MAX31856drv.o
 .debug_aranges
                0x0000000000000078       0x30 Core/Src/fdcan.o
 .debug_aranges
                0x00000000000000a8       0x20 Core/Src/gpio.o
 .debug_aranges
                0x00000000000000c8       0x30 Core/Src/main.o
 .debug_aranges
                0x00000000000000f8       0x30 Core/Src/rtc.o
 .debug_aranges
                0x0000000000000128       0x30 Core/Src/spi.o
 .debug_aranges
                0x0000000000000158       0x20 Core/Src/stm32g4xx_hal_msp.o
 .debug_aranges
                0x0000000000000178       0x68 Core/Src/stm32g4xx_it.o
 .debug_aranges
                0x00000000000001e0       0x28 Core/Src/system_stm32g4xx.o
 .debug_aranges
                0x0000000000000208       0x28 Core/Startup/startup_stm32g473cetx.o
 .debug_aranges
                0x0000000000000230      0x130 Drivers/STM32G4xx_HAL_Driver/Src/stm32g4xx_hal.o
 .debug_aranges
                0x0000000000000360      0x118 Drivers/STM32G4xx_HAL_Driver/Src/stm32g4xx_hal_cortex.o
 .debug_aranges
                0x0000000000000478      0x208 Drivers/STM32G4xx_HAL_Driver/Src/stm32g4xx_hal_fdcan.o
 .debug_aranges
                0x0000000000000680       0x58 Drivers/STM32G4xx_HAL_Driver/Src/stm32g4xx_hal_gpio.o
 .debug_aranges
                0x00000000000006d8      0x130 Drivers/STM32G4xx_HAL_Driver/Src/stm32g4xx_hal_pcd.o
 .debug_aranges
                0x0000000000000808       0x58 Drivers/STM32G4xx_HAL_Driver/Src/stm32g4xx_hal_pcd_ex.o
 .debug_aranges
                0x0000000000000860       0x98 Drivers/STM32G4xx_HAL_Driver/Src/stm32g4xx_hal_pwr.o
 .debug_aranges
                0x00000000000008f8      0x140 Drivers/STM32G4xx_HAL_Driver/Src/stm32g4xx_hal_pwr_ex.o
 .debug_aranges
                0x0000000000000a38       0x98 Drivers/STM32G4xx_HAL_Driver/Src/stm32g4xx_hal_rcc.o
 .debug_aranges
                0x0000000000000ad0       0xb0 Drivers/STM32G4xx_HAL_Driver/Src/stm32g4xx_hal_rcc_ex.o
 .debug_aranges
                0x0000000000000b80       0xe8 Drivers/STM32G4xx_HAL_Driver/Src/stm32g4xx_hal_rtc.o
 .debug_aranges
                0x0000000000000c68      0x1d8 Drivers/STM32G4xx_HAL_Driver/Src/stm32g4xx_hal_spi.o
 .debug_aranges
                0x0000000000000e40       0xb0 Drivers/STM32G4xx_HAL_Driver/Src/stm32g4xx_ll_usb.o
 .debug_aranges
                0x0000000000000ef0       0x90 Middlewares/ST/STM32_USB_Device_Library/Class/CDC/Src/usbd_cdc.o
 .debug_aranges
                0x0000000000000f80       0xb8 Middlewares/ST/STM32_USB_Device_Library/Core/Src/usbd_core.o
 .debug_aranges
                0x0000000000001038       0x90 Middlewares/ST/STM32_USB_Device_Library/Core/Src/usbd_ctlreq.o
 .debug_aranges
                0x00000000000010c8       0x50 Middlewares/ST/STM32_USB_Device_Library/Core/Src/usbd_ioreq.o
 .debug_aranges
                0x0000000000001118       0x20 USB_Device/App/usb_device.o
 .debug_aranges
                0x0000000000001138       0x48 USB_Device/App/usbd_cdc_if.o
 .debug_aranges
                0x0000000000001180       0x60 USB_Device/App/usbd_desc.o
 .debug_aranges
                0x00000000000011e0      0x120 USB_Device/Target/usbd_conf.o

.debug_ranges   0x0000000000000000     0x1118
 .debug_ranges  0x0000000000000000       0x68 Core/Src/MAX31856drv.o
 .debug_ranges  0x0000000000000068       0x20 Core/Src/fdcan.o
 .debug_ranges  0x0000000000000088       0x10 Core/Src/gpio.o
 .debug_ranges  0x0000000000000098       0x20 Core/Src/main.o
 .debug_ranges  0x00000000000000b8       0x20 Core/Src/rtc.o
 .debug_ranges  0x00000000000000d8       0x20 Core/Src/spi.o
 .debug_ranges  0x00000000000000f8       0x10 Core/Src/stm32g4xx_hal_msp.o
 .debug_ranges  0x0000000000000108       0x58 Core/Src/stm32g4xx_it.o
 .debug_ranges  0x0000000000000160       0x18 Core/Src/system_stm32g4xx.o
 .debug_ranges  0x0000000000000178       0x20 Core/Startup/startup_stm32g473cetx.o
 .debug_ranges  0x0000000000000198      0x120 Drivers/STM32G4xx_HAL_Driver/Src/stm32g4xx_hal.o
 .debug_ranges  0x00000000000002b8      0x108 Drivers/STM32G4xx_HAL_Driver/Src/stm32g4xx_hal_cortex.o
 .debug_ranges  0x00000000000003c0      0x1f8 Drivers/STM32G4xx_HAL_Driver/Src/stm32g4xx_hal_fdcan.o
 .debug_ranges  0x00000000000005b8       0x48 Drivers/STM32G4xx_HAL_Driver/Src/stm32g4xx_hal_gpio.o
 .debug_ranges  0x0000000000000600      0x120 Drivers/STM32G4xx_HAL_Driver/Src/stm32g4xx_hal_pcd.o
 .debug_ranges  0x0000000000000720       0x48 Drivers/STM32G4xx_HAL_Driver/Src/stm32g4xx_hal_pcd_ex.o
 .debug_ranges  0x0000000000000768       0x88 Drivers/STM32G4xx_HAL_Driver/Src/stm32g4xx_hal_pwr.o
 .debug_ranges  0x00000000000007f0      0x130 Drivers/STM32G4xx_HAL_Driver/Src/stm32g4xx_hal_pwr_ex.o
 .debug_ranges  0x0000000000000920       0x88 Drivers/STM32G4xx_HAL_Driver/Src/stm32g4xx_hal_rcc.o
 .debug_ranges  0x00000000000009a8       0xa0 Drivers/STM32G4xx_HAL_Driver/Src/stm32g4xx_hal_rcc_ex.o
 .debug_ranges  0x0000000000000a48       0xd8 Drivers/STM32G4xx_HAL_Driver/Src/stm32g4xx_hal_rtc.o
 .debug_ranges  0x0000000000000b20      0x1c8 Drivers/STM32G4xx_HAL_Driver/Src/stm32g4xx_hal_spi.o
 .debug_ranges  0x0000000000000ce8       0xa0 Drivers/STM32G4xx_HAL_Driver/Src/stm32g4xx_ll_usb.o
 .debug_ranges  0x0000000000000d88       0x80 Middlewares/ST/STM32_USB_Device_Library/Class/CDC/Src/usbd_cdc.o
 .debug_ranges  0x0000000000000e08       0xa8 Middlewares/ST/STM32_USB_Device_Library/Core/Src/usbd_core.o
 .debug_ranges  0x0000000000000eb0       0x80 Middlewares/ST/STM32_USB_Device_Library/Core/Src/usbd_ctlreq.o
 .debug_ranges  0x0000000000000f30       0x40 Middlewares/ST/STM32_USB_Device_Library/Core/Src/usbd_ioreq.o
 .debug_ranges  0x0000000000000f70       0x10 USB_Device/App/usb_device.o
 .debug_ranges  0x0000000000000f80       0x38 USB_Device/App/usbd_cdc_if.o
 .debug_ranges  0x0000000000000fb8       0x50 USB_Device/App/usbd_desc.o
 .debug_ranges  0x0000000000001008      0x110 USB_Device/Target/usbd_conf.o

.debug_macro    0x0000000000000000    0x24261
 .debug_macro   0x0000000000000000      0x236 Core/Src/MAX31856drv.o
 .debug_macro   0x0000000000000236      0xaa8 Core/Src/MAX31856drv.o
 .debug_macro   0x0000000000000cde      0x167 Core/Src/MAX31856drv.o
 .debug_macro   0x0000000000000e45       0x2e Core/Src/MAX31856drv.o
 .debug_macro   0x0000000000000e73       0x28 Core/Src/MAX31856drv.o
 .debug_macro   0x0000000000000e9b       0x22 Core/Src/MAX31856drv.o
 .debug_macro   0x0000000000000ebd       0x8e Core/Src/MAX31856drv.o
 .debug_macro   0x0000000000000f4b       0x51 Core/Src/MAX31856drv.o
 .debug_macro   0x0000000000000f9c      0x103 Core/Src/MAX31856drv.o
 .debug_macro   0x000000000000109f       0x6a Core/Src/MAX31856drv.o
 .debug_macro   0x0000000000001109      0x1df Core/Src/MAX31856drv.o
 .debug_macro   0x00000000000012e8       0x1c Core/Src/MAX31856drv.o
 .debug_macro   0x0000000000001304       0x22 Core/Src/MAX31856drv.o
 .debug_macro   0x0000000000001326      0x101 Core/Src/MAX31856drv.o
 .debug_macro   0x0000000000001427     0x1011 Core/Src/MAX31856drv.o
 .debug_macro   0x0000000000002438      0x11f Core/Src/MAX31856drv.o
 .debug_macro   0x0000000000002557    0x130df Core/Src/MAX31856drv.o
 .debug_macro   0x0000000000015636       0x43 Core/Src/MAX31856drv.o
 .debug_macro   0x0000000000015679     0x34f4 Core/Src/MAX31856drv.o
 .debug_macro   0x0000000000018b6d      0x174 Core/Src/MAX31856drv.o
 .debug_macro   0x0000000000018ce1       0x5c Core/Src/MAX31856drv.o
 .debug_macro   0x0000000000018d3d     0x169a Core/Src/MAX31856drv.o
 .debug_macro   0x000000000001a3d7      0x600 Core/Src/MAX31856drv.o
 .debug_macro   0x000000000001a9d7      0x137 Core/Src/MAX31856drv.o
 .debug_macro   0x000000000001ab0e      0x337 Core/Src/MAX31856drv.o
 .debug_macro   0x000000000001ae45      0x50b Core/Src/MAX31856drv.o
 .debug_macro   0x000000000001b350      0x18b Core/Src/MAX31856drv.o
 .debug_macro   0x000000000001b4db       0x43 Core/Src/MAX31856drv.o
 .debug_macro   0x000000000001b51e      0x23d Core/Src/MAX31856drv.o
 .debug_macro   0x000000000001b75b      0x212 Core/Src/MAX31856drv.o
 .debug_macro   0x000000000001b96d      0x6af Core/Src/MAX31856drv.o
 .debug_macro   0x000000000001c01c      0x45c Core/Src/MAX31856drv.o
 .debug_macro   0x000000000001c478      0x11c Core/Src/MAX31856drv.o
 .debug_macro   0x000000000001c594       0x65 Core/Src/MAX31856drv.o
 .debug_macro   0x000000000001c5f9      0x234 Core/Src/MAX31856drv.o
 .debug_macro   0x000000000001c82d      0x122 Core/Src/MAX31856drv.o
 .debug_macro   0x000000000001c94f      0x3d1 Core/Src/MAX31856drv.o
 .debug_macro   0x000000000001cd20      0x360 Core/Src/MAX31856drv.o
 .debug_macro   0x000000000001d080      0x5b3 Core/Src/MAX31856drv.o
 .debug_macro   0x000000000001d633       0xdd Core/Src/MAX31856drv.o
 .debug_macro   0x000000000001d710      0x2fe Core/Src/MAX31856drv.o
 .debug_macro   0x000000000001da0e      0x34b Core/Src/MAX31856drv.o
 .debug_macro   0x000000000001dd59       0x34 Core/Src/MAX31856drv.o
 .debug_macro   0x000000000001dd8d      0x129 Core/Src/MAX31856drv.o
 .debug_macro   0x000000000001deb6      0x21b Core/Src/fdcan.o
 .debug_macro   0x000000000001e0d1      0x21b Core/Src/gpio.o
 .debug_macro   0x000000000001e2ec      0x485 Core/Src/main.o
 .debug_macro   0x000000000001e771       0x52 Core/Src/main.o
 .debug_macro   0x000000000001e7c3       0x18 Core/Src/main.o
 .debug_macro   0x000000000001e7db       0x3c Core/Src/main.o
 .debug_macro   0x000000000001e817       0x34 Core/Src/main.o
 .debug_macro   0x000000000001e84b       0x16 Core/Src/main.o
 .debug_macro   0x000000000001e861       0x35 Core/Src/main.o
 .debug_macro   0x000000000001e896      0x333 Core/Src/main.o
 .debug_macro   0x000000000001ebc9       0x10 Core/Src/main.o
 .debug_macro   0x000000000001ebd9       0x16 Core/Src/main.o
 .debug_macro   0x000000000001ebef       0x43 Core/Src/main.o
 .debug_macro   0x000000000001ec32       0x34 Core/Src/main.o
 .debug_macro   0x000000000001ec66       0x10 Core/Src/main.o
 .debug_macro   0x000000000001ec76       0x58 Core/Src/main.o
 .debug_macro   0x000000000001ecce       0x71 Core/Src/main.o
 .debug_macro   0x000000000001ed3f       0x1c Core/Src/main.o
 .debug_macro   0x000000000001ed5b      0x12a Core/Src/main.o
 .debug_macro   0x000000000001ee85       0x10 Core/Src/main.o
 .debug_macro   0x000000000001ee95       0x1c Core/Src/main.o
 .debug_macro   0x000000000001eeb1       0x52 Core/Src/main.o
 .debug_macro   0x000000000001ef03       0x22 Core/Src/main.o
 .debug_macro   0x000000000001ef25       0x10 Core/Src/main.o
 .debug_macro   0x000000000001ef35       0x40 Core/Src/main.o
 .debug_macro   0x000000000001ef75       0xd5 Core/Src/main.o
 .debug_macro   0x000000000001f04a       0x1c Core/Src/main.o
 .debug_macro   0x000000000001f066       0x3d Core/Src/main.o
 .debug_macro   0x000000000001f0a3       0x16 Core/Src/main.o
 .debug_macro   0x000000000001f0b9      0x145 Core/Src/main.o
 .debug_macro   0x000000000001f1fe       0x16 Core/Src/main.o
 .debug_macro   0x000000000001f214       0x16 Core/Src/main.o
 .debug_macro   0x000000000001f22a       0x29 Core/Src/main.o
 .debug_macro   0x000000000001f253       0x16 Core/Src/main.o
 .debug_macro   0x000000000001f269       0x20 Core/Src/main.o
 .debug_macro   0x000000000001f289       0x5f Core/Src/main.o
 .debug_macro   0x000000000001f2e8      0x1ef Core/Src/main.o
 .debug_macro   0x000000000001f4d7       0x95 Core/Src/main.o
 .debug_macro   0x000000000001f56c       0x10 Core/Src/main.o
 .debug_macro   0x000000000001f57c      0x21b Core/Src/rtc.o
 .debug_macro   0x000000000001f797      0x21b Core/Src/spi.o
 .debug_macro   0x000000000001f9b2      0x211 Core/Src/stm32g4xx_hal_msp.o
 .debug_macro   0x000000000001fbc3      0x21b Core/Src/stm32g4xx_it.o
 .debug_macro   0x000000000001fdde      0x202 Core/Src/system_stm32g4xx.o
 .debug_macro   0x000000000001ffe0      0x250 Drivers/STM32G4xx_HAL_Driver/Src/stm32g4xx_hal.o
 .debug_macro   0x0000000000020230      0x202 Drivers/STM32G4xx_HAL_Driver/Src/stm32g4xx_hal_cortex.o
 .debug_macro   0x0000000000020432      0x314 Drivers/STM32G4xx_HAL_Driver/Src/stm32g4xx_hal_fdcan.o
 .debug_macro   0x0000000000020746      0x23a Drivers/STM32G4xx_HAL_Driver/Src/stm32g4xx_hal_gpio.o
 .debug_macro   0x0000000000020980      0x20e Drivers/STM32G4xx_HAL_Driver/Src/stm32g4xx_hal_pcd.o
 .debug_macro   0x0000000000020b8e      0x202 Drivers/STM32G4xx_HAL_Driver/Src/stm32g4xx_hal_pcd_ex.o
 .debug_macro   0x0000000000020d90      0x21a Drivers/STM32G4xx_HAL_Driver/Src/stm32g4xx_hal_pwr.o
 .debug_macro   0x0000000000020faa      0x22c Drivers/STM32G4xx_HAL_Driver/Src/stm32g4xx_hal_pwr_ex.o
 .debug_macro   0x00000000000211d6      0x23e Drivers/STM32G4xx_HAL_Driver/Src/stm32g4xx_hal_rcc.o
 .debug_macro   0x0000000000021414      0x22c Drivers/STM32G4xx_HAL_Driver/Src/stm32g4xx_hal_rcc_ex.o
 .debug_macro   0x0000000000021640      0x203 Drivers/STM32G4xx_HAL_Driver/Src/stm32g4xx_hal_rtc.o
 .debug_macro   0x0000000000021843      0x20a Drivers/STM32G4xx_HAL_Driver/Src/stm32g4xx_hal_spi.o
 .debug_macro   0x0000000000021a4d      0x202 Drivers/STM32G4xx_HAL_Driver/Src/stm32g4xx_ll_usb.o
 .debug_macro   0x0000000000021c4f      0x418 Middlewares/ST/STM32_USB_Device_Library/Class/CDC/Src/usbd_cdc.o
 .debug_macro   0x0000000000022067       0x97 Middlewares/ST/STM32_USB_Device_Library/Class/CDC/Src/usbd_cdc.o
 .debug_macro   0x00000000000220fe       0xfd Middlewares/ST/STM32_USB_Device_Library/Class/CDC/Src/usbd_cdc.o
 .debug_macro   0x00000000000221fb       0xfb Middlewares/ST/STM32_USB_Device_Library/Class/CDC/Src/usbd_cdc.o
 .debug_macro   0x00000000000222f6       0x56 Middlewares/ST/STM32_USB_Device_Library/Class/CDC/Src/usbd_cdc.o
 .debug_macro   0x000000000002234c      0x3ff Middlewares/ST/STM32_USB_Device_Library/Core/Src/usbd_core.o
 .debug_macro   0x000000000002274b      0x1f5 Middlewares/ST/STM32_USB_Device_Library/Core/Src/usbd_core.o
 .debug_macro   0x0000000000022940      0x409 Middlewares/ST/STM32_USB_Device_Library/Core/Src/usbd_ctlreq.o
 .debug_macro   0x0000000000022d49      0x405 Middlewares/ST/STM32_USB_Device_Library/Core/Src/usbd_ioreq.o
 .debug_macro   0x000000000002314e      0x43e USB_Device/App/usb_device.o
 .debug_macro   0x000000000002358c       0x22 USB_Device/App/usb_device.o
 .debug_macro   0x00000000000235ae       0x16 USB_Device/App/usb_device.o
 .debug_macro   0x00000000000235c4      0x423 USB_Device/App/usbd_cdc_if.o
 .debug_macro   0x00000000000239e7      0x43c USB_Device/App/usbd_desc.o
 .debug_macro   0x0000000000023e23       0x1c USB_Device/App/usbd_desc.o
 .debug_macro   0x0000000000023e3f      0x422 USB_Device/Target/usbd_conf.o

.debug_line     0x0000000000000000    0x186c8
 .debug_line    0x0000000000000000      0x8d8 Core/Src/MAX31856drv.o
 .debug_line    0x00000000000008d8      0x7f2 Core/Src/fdcan.o
 .debug_line    0x00000000000010ca      0x788 Core/Src/gpio.o
 .debug_line    0x0000000000001852      0xb9f Core/Src/main.o
 .debug_line    0x00000000000023f1      0x7c3 Core/Src/rtc.o
 .debug_line    0x0000000000002bb4      0x7e8 Core/Src/spi.o
 .debug_line    0x000000000000339c      0x771 Core/Src/stm32g4xx_hal_msp.o
 .debug_line    0x0000000000003b0d      0x84a Core/Src/stm32g4xx_it.o
 .debug_line    0x0000000000004357      0x7d9 Core/Src/system_stm32g4xx.o
 .debug_line    0x0000000000004b30       0x89 Core/Startup/startup_stm32g473cetx.o
 .debug_line    0x0000000000004bb9      0xb50 Drivers/STM32G4xx_HAL_Driver/Src/stm32g4xx_hal.o
 .debug_line    0x0000000000005709      0xd03 Drivers/STM32G4xx_HAL_Driver/Src/stm32g4xx_hal_cortex.o
 .debug_line    0x000000000000640c     0x18c9 Drivers/STM32G4xx_HAL_Driver/Src/stm32g4xx_hal_fdcan.o
 .debug_line    0x0000000000007cd5      0xb9d Drivers/STM32G4xx_HAL_Driver/Src/stm32g4xx_hal_gpio.o
 .debug_line    0x0000000000008872     0x1326 Drivers/STM32G4xx_HAL_Driver/Src/stm32g4xx_hal_pcd.o
 .debug_line    0x0000000000009b98      0x8e4 Drivers/STM32G4xx_HAL_Driver/Src/stm32g4xx_hal_pcd_ex.o
 .debug_line    0x000000000000a47c      0x93d Drivers/STM32G4xx_HAL_Driver/Src/stm32g4xx_hal_pwr.o
 .debug_line    0x000000000000adb9      0xcfb Drivers/STM32G4xx_HAL_Driver/Src/stm32g4xx_hal_pwr_ex.o
 .debug_line    0x000000000000bab4      0xf50 Drivers/STM32G4xx_HAL_Driver/Src/stm32g4xx_hal_rcc.o
 .debug_line    0x000000000000ca04     0x1275 Drivers/STM32G4xx_HAL_Driver/Src/stm32g4xx_hal_rcc_ex.o
 .debug_line    0x000000000000dc79     0x103a Drivers/STM32G4xx_HAL_Driver/Src/stm32g4xx_hal_rtc.o
 .debug_line    0x000000000000ecb3     0x1f89 Drivers/STM32G4xx_HAL_Driver/Src/stm32g4xx_hal_spi.o
 .debug_line    0x0000000000010c3c     0x1057 Drivers/STM32G4xx_HAL_Driver/Src/stm32g4xx_ll_usb.o
 .debug_line    0x0000000000011c93      0xe3f Middlewares/ST/STM32_USB_Device_Library/Class/CDC/Src/usbd_cdc.o
 .debug_line    0x0000000000012ad2      0xec2 Middlewares/ST/STM32_USB_Device_Library/Core/Src/usbd_core.o
 .debug_line    0x0000000000013994     0x115f Middlewares/ST/STM32_USB_Device_Library/Core/Src/usbd_ctlreq.o
 .debug_line    0x0000000000014af3      0xb19 Middlewares/ST/STM32_USB_Device_Library/Core/Src/usbd_ioreq.o
 .debug_line    0x000000000001560c      0xad5 USB_Device/App/usb_device.o
 .debug_line    0x00000000000160e1      0xb38 USB_Device/App/usbd_cdc_if.o
 .debug_line    0x0000000000016c19      0xb9e USB_Device/App/usbd_desc.o
 .debug_line    0x00000000000177b7      0xf11 USB_Device/Target/usbd_conf.o

.debug_str      0x0000000000000000    0xd2b48
 .debug_str     0x0000000000000000    0xc7a8a Core/Src/MAX31856drv.o
                                      0xc7dd6 (size before relaxing)
 .debug_str     0x00000000000c7a8a      0x4e5 Core/Src/fdcan.o
                                      0xc7672 (size before relaxing)
 .debug_str     0x00000000000c7f6f       0x2c Core/Src/gpio.o
                                      0xc732f (size before relaxing)
 .debug_str     0x00000000000c7f9b     0x56a9 Core/Src/main.o
                                      0xcd7d7 (size before relaxing)
 .debug_str     0x00000000000cd644       0x4a Core/Src/rtc.o
                                      0xc7448 (size before relaxing)
 .debug_str     0x00000000000cd68e       0x4b Core/Src/spi.o
                                      0xc77fe (size before relaxing)
 .debug_str     0x00000000000cd6d9       0x2c Core/Src/stm32g4xx_hal_msp.o
                                      0xc7292 (size before relaxing)
 .debug_str     0x00000000000cd705      0x399 Core/Src/stm32g4xx_it.o
                                      0xc7553 (size before relaxing)
 .debug_str     0x00000000000cda9e       0xaa Core/Src/system_stm32g4xx.o
                                      0xc725f (size before relaxing)
 .debug_str     0x00000000000cdb48       0x36 Core/Startup/startup_stm32g473cetx.o
                                         0x68 (size before relaxing)
 .debug_str     0x00000000000cdb7e      0xb26 Drivers/STM32G4xx_HAL_Driver/Src/stm32g4xx_hal.o
                                      0xc7e7e (size before relaxing)
 .debug_str     0x00000000000ce6a4      0x384 Drivers/STM32G4xx_HAL_Driver/Src/stm32g4xx_hal_cortex.o
                                      0xc7b86 (size before relaxing)
 .debug_str     0x00000000000cea28     0x1338 Drivers/STM32G4xx_HAL_Driver/Src/stm32g4xx_hal_fdcan.o
                                      0xc87e1 (size before relaxing)
 .debug_str     0x00000000000cfd60      0x221 Drivers/STM32G4xx_HAL_Driver/Src/stm32g4xx_hal_gpio.o
                                      0xc74e3 (size before relaxing)
 .debug_str     0x00000000000cff81      0x3d8 Drivers/STM32G4xx_HAL_Driver/Src/stm32g4xx_hal_pcd.o
                                      0xc782a (size before relaxing)
 .debug_str     0x00000000000d0359      0x1c6 Drivers/STM32G4xx_HAL_Driver/Src/stm32g4xx_hal_pcd_ex.o
                                      0xc7602 (size before relaxing)
 .debug_str     0x00000000000d051f      0x2e5 Drivers/STM32G4xx_HAL_Driver/Src/stm32g4xx_hal_pwr.o
                                      0xc7588 (size before relaxing)
 .debug_str     0x00000000000d0804      0x468 Drivers/STM32G4xx_HAL_Driver/Src/stm32g4xx_hal_pwr_ex.o
                                      0xc7755 (size before relaxing)
 .debug_str     0x00000000000d0c6c      0x3d1 Drivers/STM32G4xx_HAL_Driver/Src/stm32g4xx_hal_rcc.o
                                      0xc7815 (size before relaxing)
 .debug_str     0x00000000000d103d      0x3f2 Drivers/STM32G4xx_HAL_Driver/Src/stm32g4xx_hal_rcc_ex.o
                                      0xc7957 (size before relaxing)
 .debug_str     0x00000000000d142f      0x414 Drivers/STM32G4xx_HAL_Driver/Src/stm32g4xx_hal_rtc.o
                                      0xc770a (size before relaxing)
 .debug_str     0x00000000000d1843      0x57a Drivers/STM32G4xx_HAL_Driver/Src/stm32g4xx_hal_spi.o
                                      0xc7b36 (size before relaxing)
 .debug_str     0x00000000000d1dbd      0x1f6 Drivers/STM32G4xx_HAL_Driver/Src/stm32g4xx_ll_usb.o
                                      0xc7520 (size before relaxing)
 .debug_str     0x00000000000d1fb3      0x2aa Middlewares/ST/STM32_USB_Device_Library/Class/CDC/Src/usbd_cdc.o
                                      0xcc9b1 (size before relaxing)
 .debug_str     0x00000000000d225d      0x1a9 Middlewares/ST/STM32_USB_Device_Library/Core/Src/usbd_core.o
                                      0xcc265 (size before relaxing)
 .debug_str     0x00000000000d2406      0x15b Middlewares/ST/STM32_USB_Device_Library/Core/Src/usbd_ctlreq.o
                                      0xcc223 (size before relaxing)
 .debug_str     0x00000000000d2561       0xc9 Middlewares/ST/STM32_USB_Device_Library/Core/Src/usbd_ioreq.o
                                      0xcc173 (size before relaxing)
 .debug_str     0x00000000000d262a       0xc3 USB_Device/App/usb_device.o
                                      0xcc503 (size before relaxing)
 .debug_str     0x00000000000d26ed       0x9a USB_Device/App/usbd_cdc_if.o
                                      0xcc554 (size before relaxing)
 .debug_str     0x00000000000d2787      0x254 USB_Device/App/usbd_desc.o
                                      0xcc0ac (size before relaxing)
 .debug_str     0x00000000000d29db      0x16d USB_Device/Target/usbd_conf.o
                                      0xcd174 (size before relaxing)

.comment        0x0000000000000000       0x53
 .comment       0x0000000000000000       0x53 Core/Src/MAX31856drv.o
                                         0x54 (size before relaxing)
 .comment       0x0000000000000053       0x54 Core/Src/fdcan.o
 .comment       0x0000000000000053       0x54 Core/Src/gpio.o
 .comment       0x0000000000000053       0x54 Core/Src/main.o
 .comment       0x0000000000000053       0x54 Core/Src/rtc.o
 .comment       0x0000000000000053       0x54 Core/Src/spi.o
 .comment       0x0000000000000053       0x54 Core/Src/stm32g4xx_hal_msp.o
 .comment       0x0000000000000053       0x54 Core/Src/stm32g4xx_it.o
 .comment       0x0000000000000053       0x54 Core/Src/system_stm32g4xx.o
 .comment       0x0000000000000053       0x54 Drivers/STM32G4xx_HAL_Driver/Src/stm32g4xx_hal.o
 .comment       0x0000000000000053       0x54 Drivers/STM32G4xx_HAL_Driver/Src/stm32g4xx_hal_cortex.o
 .comment       0x0000000000000053       0x54 Drivers/STM32G4xx_HAL_Driver/Src/stm32g4xx_hal_fdcan.o
 .comment       0x0000000000000053       0x54 Drivers/STM32G4xx_HAL_Driver/Src/stm32g4xx_hal_gpio.o
 .comment       0x0000000000000053       0x54 Drivers/STM32G4xx_HAL_Driver/Src/stm32g4xx_hal_pcd.o
 .comment       0x0000000000000053       0x54 Drivers/STM32G4xx_HAL_Driver/Src/stm32g4xx_hal_pcd_ex.o
 .comment       0x0000000000000053       0x54 Drivers/STM32G4xx_HAL_Driver/Src/stm32g4xx_hal_pwr.o
 .comment       0x0000000000000053       0x54 Drivers/STM32G4xx_HAL_Driver/Src/stm32g4xx_hal_pwr_ex.o
 .comment       0x0000000000000053       0x54 Drivers/STM32G4xx_HAL_Driver/Src/stm32g4xx_hal_rcc.o
 .comment       0x0000000000000053       0x54 Drivers/STM32G4xx_HAL_Driver/Src/stm32g4xx_hal_rcc_ex.o
 .comment       0x0000000000000053       0x54 Drivers/STM32G4xx_HAL_Driver/Src/stm32g4xx_hal_rtc.o
 .comment       0x0000000000000053       0x54 Drivers/STM32G4xx_HAL_Driver/Src/stm32g4xx_hal_spi.o
 .comment       0x0000000000000053       0x54 Drivers/STM32G4xx_HAL_Driver/Src/stm32g4xx_ll_usb.o
 .comment       0x0000000000000053       0x54 Middlewares/ST/STM32_USB_Device_Library/Class/CDC/Src/usbd_cdc.o
 .comment       0x0000000000000053       0x54 Middlewares/ST/STM32_USB_Device_Library/Core/Src/usbd_core.o
 .comment       0x0000000000000053       0x54 Middlewares/ST/STM32_USB_Device_Library/Core/Src/usbd_ctlreq.o
 .comment       0x0000000000000053       0x54 Middlewares/ST/STM32_USB_Device_Library/Core/Src/usbd_ioreq.o